    0 |     0.633 Hz | MIDI -44 |     E -5 |  -28.571¢ | 11/10 [+6c] (-9o)
    1 |     0.699 Hz | MIDI -43 |     F -5 |  +42.857¢ | 11/9 [-5c] (-9o)
    2 |     0.772 Hz | MIDI -41 |     G -5 |  +14.286¢ | 4/3 [+16c] (-9o)
    3 |     0.852 Hz | MIDI -39 |     A -5 |  -14.286¢ | 3/2 [-16c] (-9o)
    4 |     0.941 Hz | MIDI -37 |     B -5 |  -42.857¢ | 18/11 [+5c] (-9o)
    5 |     1.039 Hz | MIDI -36 |     C -4 |  +28.571¢ | 20/11 [-6c] (-9o)
    6 |     1.147 Hz | MIDI -34 |     D -4 |   +0.000¢ | 1/1 [+0c] (-8o)
    7 |     1.267 Hz | MIDI -32 |     E -4 |  -28.571¢ | 11/10 [+6c] (-8o)
    8 |     1.398 Hz | MIDI -31 |     F -4 |  +42.857¢ | 11/9 [-5c] (-8o)
    9 |     1.544 Hz | MIDI -29 |     G -4 |  +14.286¢ | 4/3 [+16c] (-8o)
   10 |     1.705 Hz | MIDI -27 |     A -4 |  -14.286¢ | 3/2 [-16c] (-8o)
   11 |     1.882 Hz | MIDI -25 |     B -4 |  -42.857¢ | 18/11 [+5c] (-8o)
   12 |     2.078 Hz | MIDI -24 |     C -3 |  +28.571¢ | 20/11 [-6c] (-8o)
   13 |     2.294 Hz | MIDI -22 |     D -3 |   +0.000¢ | 1/1 [+0c] (-7o)
   14 |     2.533 Hz | MIDI -20 |     E -3 |  -28.571¢ | 11/10 [+6c] (-7o)
   15 |     2.797 Hz | MIDI -19 |     F -3 |  +42.857¢ | 11/9 [-5c] (-7o)
   16 |     3.088 Hz | MIDI -17 |     G -3 |  +14.286¢ | 4/3 [+16c] (-7o)
   17 |     3.409 Hz | MIDI -15 |     A -3 |  -14.286¢ | 3/2 [-16c] (-7o)
   18 |     3.764 Hz | MIDI -13 |     B -3 |  -42.857¢ | 18/11 [+5c] (-7o)
   19 |     4.156 Hz | MIDI -12 |     C -2 |  +28.571¢ | 20/11 [-6c] (-7o)
   20 |     4.589 Hz | MIDI -10 |     D -2 |   +0.000¢ | 1/1 [+0c] (-6o)
   21 |     5.066 Hz | MIDI  -8 |     E -2 |  -28.571¢ | 11/10 [+6c] (-6o)
   22 |     5.593 Hz | MIDI  -7 |     F -2 |  +42.857¢ | 11/9 [-5c] (-6o)
   23 |     6.176 Hz | MIDI  -5 |     G -2 |  +14.286¢ | 4/3 [+16c] (-6o)
   24 |     6.819 Hz | MIDI  -3 |     A -2 |  -14.286¢ | 3/2 [-16c] (-6o)
   25 |     7.528 Hz | MIDI  -1 |     B -2 |  -42.857¢ | 18/11 [+5c] (-6o)
   26 |     8.312 Hz | MIDI   0 |     C -1 |  +28.571¢ | 20/11 [-6c] (-6o)
   27 |     9.177 Hz | MIDI   2 |     D -1 |   +0.000¢ | 1/1 [+0c] (-5o)
   28 |    10.132 Hz | MIDI   4 |     E -1 |  -28.571¢ | 11/10 [+6c] (-5o)
   29 |    11.187 Hz | MIDI   5 |     F -1 |  +42.857¢ | 11/9 [-5c] (-5o)
   30 |    12.351 Hz | MIDI   7 |     G -1 |  +14.286¢ | 4/3 [+16c] (-5o)
   31 |    13.637 Hz | MIDI   9 |     A -1 |  -14.286¢ | 3/2 [-16c] (-5o)
   32 |    15.056 Hz | MIDI  11 |     B -1 |  -42.857¢ | 18/11 [+5c] (-5o)
   33 |    16.624 Hz | MIDI  12 |      C 0 |  +28.571¢ | 20/11 [-6c] (-5o)
   34 |    18.354 Hz | MIDI  14 |      D 0 |   +0.000¢ | 1/1 [+0c] (-4o)
   35 |    20.265 Hz | MIDI  16 |      E 0 |  -28.571¢ | 11/10 [+6c] (-4o)
   36 |    22.374 Hz | MIDI  17 |      F 0 |  +42.857¢ | 11/9 [-5c] (-4o)
   37 |    24.703 Hz | MIDI  19 |      G 0 |  +14.286¢ | 4/3 [+16c] (-4o)
   38 |    27.274 Hz | MIDI  21 |      A 0 |  -14.286¢ | 3/2 [-16c] (-4o)
   39 |    30.113 Hz | MIDI  23 |      B 0 |  -42.857¢ | 18/11 [+5c] (-4o)
   40 |    33.247 Hz | MIDI  24 |      C 1 |  +28.571¢ | 20/11 [-6c] (-4o)
   41 |    36.708 Hz | MIDI  26 |      D 1 |   +0.000¢ | 1/1 [+0c] (-3o)
   42 |    40.529 Hz | MIDI  28 |      E 1 |  -28.571¢ | 11/10 [+6c] (-3o)
   43 |    44.748 Hz | MIDI  29 |      F 1 |  +42.857¢ | 11/9 [-5c] (-3o)
   44 |    49.405 Hz | MIDI  31 |      G 1 |  +14.286¢ | 4/3 [+16c] (-3o)
   45 |    54.548 Hz | MIDI  33 |      A 1 |  -14.286¢ | 3/2 [-16c] (-3o)
   46 |    60.226 Hz | MIDI  35 |      B 1 |  -42.857¢ | 18/11 [+5c] (-3o)
   47 |    66.495 Hz | MIDI  36 |      C 2 |  +28.571¢ | 20/11 [-6c] (-3o)
   48 |    73.416 Hz | MIDI  38 |      D 2 |   +0.000¢ | 1/1 [+0c] (-2o)
   49 |    81.058 Hz | MIDI  40 |      E 2 |  -28.571¢ | 11/10 [+6c] (-2o)
   50 |    89.495 Hz | MIDI  41 |      F 2 |  +42.857¢ | 11/9 [-5c] (-2o)
   51 |    98.811 Hz | MIDI  43 |      G 2 |  +14.286¢ | 4/3 [+16c] (-2o)
   52 |   109.096 Hz | MIDI  45 |      A 2 |  -14.286¢ | 3/2 [-16c] (-2o)
   53 |   120.452 Hz | MIDI  47 |      B 2 |  -42.857¢ | 18/11 [+5c] (-2o)
   54 |   132.990 Hz | MIDI  48 |      C 3 |  +28.571¢ | 20/11 [-6c] (-2o)
   55 |   146.832 Hz | MIDI  50 |      D 3 |   +0.000¢ | 1/1 [+0c] (-1o)
   56 |   162.116 Hz | MIDI  52 |      E 3 |  -28.571¢ | 11/10 [+6c] (-1o)
   57 |   178.991 Hz | MIDI  53 |      F 3 |  +42.857¢ | 11/9 [-5c] (-1o)
   58 |   197.622 Hz | MIDI  55 |      G 3 |  +14.286¢ | 4/3 [+16c] (-1o)
   59 |   218.192 Hz | MIDI  57 |      A 3 |  -14.286¢ | 3/2 [-16c] (-1o)
   60 |   240.904 Hz | MIDI  59 |      B 3 |  -42.857¢ | 18/11 [+5c] (-1o)
   61 |   265.979 Hz | MIDI  60 |      C 4 |  +28.571¢ | 20/11 [-6c] (-1o)
>  62 |   293.665 Hz | MIDI  62 |      D 4 |   +0.000¢ | 1/1 [+0c] (+0o)
   63 |   324.232 Hz | MIDI  64 |      E 4 |  -28.571¢ | 11/10 [+6c] (+0o)
   64 |   357.981 Hz | MIDI  65 |      F 4 |  +42.857¢ | 11/9 [-5c] (+0o)
   65 |   395.243 Hz | MIDI  67 |      G 4 |  +14.286¢ | 4/3 [+16c] (+0o)
   66 |   436.384 Hz | MIDI  69 |      A 4 |  -14.286¢ | 3/2 [-16c] (+0o)
   67 |   481.807 Hz | MIDI  71 |      B 4 |  -42.857¢ | 18/11 [+5c] (+0o)
   68 |   531.958 Hz | MIDI  72 |      C 5 |  +28.571¢ | 20/11 [-6c] (+0o)
   69 |   587.330 Hz | MIDI  74 |      D 5 |   -0.000¢ | 2/1 [-0c] (+0o)
   70 |   648.464 Hz | MIDI  76 |      E 5 |  -28.571¢ | 11/10 [+6c] (+1o)
   71 |   715.963 Hz | MIDI  77 |      F 5 |  +42.857¢ | 11/9 [-5c] (+1o)
   72 |   790.487 Hz | MIDI  79 |      G 5 |  +14.286¢ | 4/3 [+16c] (+1o)
   73 |   872.768 Hz | MIDI  81 |      A 5 |  -14.286¢ | 3/2 [-16c] (+1o)
   74 |   963.614 Hz | MIDI  83 |      B 5 |  -42.857¢ | 18/11 [+5c] (+1o)
   75 |  1063.917 Hz | MIDI  84 |      C 6 |  +28.571¢ | 20/11 [-6c] (+1o)
   76 |  1174.659 Hz | MIDI  86 |      D 6 |   -0.000¢ | 2/1 [-0c] (+1o)
   77 |  1296.929 Hz | MIDI  88 |      E 6 |  -28.571¢ | 11/10 [+6c] (+2o)
   78 |  1431.925 Hz | MIDI  89 |      F 6 |  +42.857¢ | 11/9 [-5c] (+2o)
   79 |  1580.974 Hz | MIDI  91 |      G 6 |  +14.286¢ | 4/3 [+16c] (+2o)
   80 |  1745.537 Hz | MIDI  93 |      A 6 |  -14.286¢ | 3/2 [-16c] (+2o)
   81 |  1927.229 Hz | MIDI  95 |      B 6 |  -42.857¢ | 18/11 [+5c] (+2o)
   82 |  2127.833 Hz | MIDI  96 |      C 7 |  +28.571¢ | 20/11 [-6c] (+2o)
   83 |  2349.318 Hz | MIDI  98 |      D 7 |   -0.000¢ | 2/1 [-0c] (+2o)
   84 |  2593.858 Hz | MIDI 100 |      E 7 |  -28.571¢ | 11/10 [+6c] (+3o)
   85 |  2863.851 Hz | MIDI 101 |      F 7 |  +42.857¢ | 11/9 [-5c] (+3o)
   86 |  3161.948 Hz | MIDI 103 |      G 7 |  +14.286¢ | 4/3 [+16c] (+3o)
   87 |  3491.073 Hz | MIDI 105 |      A 7 |  -14.286¢ | 3/2 [-16c] (+3o)
   88 |  3854.457 Hz | MIDI 107 |      B 7 |  -42.857¢ | 18/11 [+5c] (+3o)
   89 |  4255.666 Hz | MIDI 108 |      C 8 |  +28.571¢ | 20/11 [-6c] (+3o)
   90 |  4698.636 Hz | MIDI 110 |      D 8 |   -0.000¢ | 2/1 [-0c] (+3o)
   91 |  5187.715 Hz | MIDI 112 |      E 8 |  -28.571¢ | 11/10 [+6c] (+4o)
   92 |  5727.702 Hz | MIDI 113 |      F 8 |  +42.857¢ | 11/9 [-5c] (+4o)
   93 |  6323.895 Hz | MIDI 115 |      G 8 |  +14.286¢ | 4/3 [+16c] (+4o)
   94 |  6982.147 Hz | MIDI 117 |      A 8 |  -14.286¢ | 3/2 [-16c] (+4o)
   95 |  7708.915 Hz | MIDI 119 |      B 8 |  -42.857¢ | 18/11 [+5c] (+4o)
   96 |  8511.332 Hz | MIDI 120 |      C 9 |  +28.571¢ | 20/11 [-6c] (+4o)
   97 |  9397.273 Hz | MIDI 122 |      D 9 |   -0.000¢ | 2/1 [-0c] (+4o)
   98 | 10375.430 Hz | MIDI 124 |      E 9 |  -28.571¢ | 11/10 [+6c] (+5o)
   99 | 11455.404 Hz | MIDI 125 |      F 9 |  +42.857¢ | 11/9 [-5c] (+5o)
  100 | 12647.791 Hz | MIDI 127 |      G 9 |  +14.286¢ | 4/3 [+16c] (+5o)
  101 | 13964.293 Hz | MIDI 129 |      A 9 |  -14.286¢ | 3/2 [-16c] (+5o)
  102 | 15417.830 Hz | MIDI 131 |      B 9 |  -42.857¢ | 18/11 [+5c] (+5o)
  103 | 17022.664 Hz | MIDI 132 |     C 10 |  +28.571¢ | 20/11 [-6c] (+5o)
  104 | 18794.545 Hz | MIDI 134 |     D 10 |   -0.000¢ | 2/1 [-0c] (+5o)
  105 | 20750.860 Hz | MIDI 136 |     E 10 |  -28.571¢ | 11/10 [+6c] (+6o)
  106 | 22910.807 Hz | MIDI 137 |     F 10 |  +42.857¢ | 11/9 [-5c] (+6o)
  107 | 25295.582 Hz | MIDI 139 |     G 10 |  +14.286¢ | 4/3 [+16c] (+6o)
  108 | 27928.587 Hz | MIDI 141 |     A 10 |  -14.286¢ | 3/2 [-16c] (+6o)
  109 | 30835.660 Hz | MIDI 143 |     B 10 |  -42.857¢ | 18/11 [+5c] (+6o)
  110 | 34045.329 Hz | MIDI 144 |     C 11 |  +28.571¢ | 20/11 [-6c] (+6o)
  111 | 37589.090 Hz | MIDI 146 |     D 11 |   -0.000¢ | 2/1 [-0c] (+6o)
  112 | 41501.720 Hz | MIDI 148 |     E 11 |  -28.571¢ | 11/10 [+6c] (+7o)
  113 | 45821.614 Hz | MIDI 149 |     F 11 |  +42.857¢ | 11/9 [-5c] (+7o)
  114 | 50591.164 Hz | MIDI 151 |     G 11 |  +14.286¢ | 4/3 [+16c] (+7o)
  115 | 55857.174 Hz | MIDI 153 |     A 11 |  -14.286¢ | 3/2 [-16c] (+7o)
  116 | 61671.320 Hz | MIDI 155 |     B 11 |  -42.857¢ | 18/11 [+5c] (+7o)
  117 | 68090.657 Hz | MIDI 156 |     C 12 |  +28.571¢ | 20/11 [-6c] (+7o)
  118 | 75178.181 Hz | MIDI 158 |     D 12 |   -0.000¢ | 2/1 [-0c] (+7o)
  119 | 83003.441 Hz | MIDI 160 |     E 12 |  -28.571¢ | 11/10 [+6c] (+8o)
  120 | 91643.229 Hz | MIDI 161 |     F 12 |  +42.857¢ | 11/9 [-5c] (+8o)
  121 | 101182.328 Hz | MIDI 163 |     G 12 |  +14.286¢ | 4/3 [+16c] (+8o)
  122 | 111714.347 Hz | MIDI 165 |     A 12 |  -14.286¢ | 3/2 [-16c] (+8o)
  123 | 123342.639 Hz | MIDI 167 |     B 12 |  -42.857¢ | 18/11 [+5c] (+8o)
  124 | 136181.314 Hz | MIDI 168 |     C 13 |  +28.571¢ | 20/11 [-6c] (+8o)
  125 | 150356.361 Hz | MIDI 170 |     D 13 |   -0.000¢ | 2/1 [-0c] (+8o)
  126 | 166006.882 Hz | MIDI 172 |     E 13 |  -28.571¢ | 11/10 [+6c] (+9o)
  127 | 183286.457 Hz | MIDI 173 |     F 13 |  +42.857¢ | 11/9 [-5c] (+9o)
