    0 |     0.641 Hz | MIDI -209 | IDX -269 |   +6.060¢ | 5/4 [+7c] (-9o)
    1 |     0.686 Hz | MIDI -206 | IDX -266 |   +7.039¢ | 4/3 [+12c] (-9o)
    2 |     0.767 Hz | MIDI -201 | IDX -261 |   +6.647¢ | 3/2 [+1c] (-9o)
    3 |     0.858 Hz | MIDI -196 | IDX -256 |   +6.256¢ | 5/3 [+12c] (-9o)
    4 |     0.959 Hz | MIDI -191 | IDX -251 |   +5.864¢ | 11/6 [+40c] (-9o)
    5 |     1.026 Hz | MIDI -188 | IDX -248 |   +6.843¢ | 1/1 [+7c] (-8o)
    6 |     1.147 Hz | MIDI -183 | IDX -243 |   +6.452¢ | 9/8 [-4c] (-8o)
    7 |     1.283 Hz | MIDI -178 | IDX -238 |   +6.060¢ | 5/4 [+7c] (-8o)
    8 |     1.372 Hz | MIDI -175 | IDX -235 |   +7.039¢ | 4/3 [+12c] (-8o)
    9 |     1.534 Hz | MIDI -170 | IDX -230 |   +6.647¢ | 3/2 [+1c] (-8o)
   10 |     1.715 Hz | MIDI -165 | IDX -225 |   +6.256¢ | 5/3 [+12c] (-8o)
   11 |     1.918 Hz | MIDI -160 | IDX -220 |   +5.864¢ | 11/6 [+40c] (-8o)
   12 |     2.052 Hz | MIDI -157 | IDX -217 |   +6.843¢ | 1/1 [+7c] (-7o)
   13 |     2.294 Hz | MIDI -152 | IDX -212 |   +6.452¢ | 9/8 [-4c] (-7o)
   14 |     2.565 Hz | MIDI -147 | IDX -207 |   +6.060¢ | 5/4 [+7c] (-7o)
   15 |     2.745 Hz | MIDI -144 | IDX -204 |   +7.039¢ | 4/3 [+12c] (-7o)
   16 |     3.069 Hz | MIDI -139 | IDX -199 |   +6.647¢ | 3/2 [+1c] (-7o)
   17 |     3.431 Hz | MIDI -134 | IDX -194 |   +6.256¢ | 5/3 [+12c] (-7o)
   18 |     3.836 Hz | MIDI -129 | IDX -189 |   +5.864¢ | 11/6 [+40c] (-7o)
   19 |     4.104 Hz | MIDI -126 | IDX -186 |   +6.843¢ | 1/1 [+7c] (-6o)
   20 |     4.589 Hz | MIDI -121 | IDX -181 |   +6.452¢ | 9/8 [-4c] (-6o)
   21 |     5.130 Hz | MIDI -116 | IDX -176 |   +6.060¢ | 5/4 [+7c] (-6o)
   22 |     5.489 Hz | MIDI -113 | IDX -173 |   +7.039¢ | 4/3 [+12c] (-6o)
   23 |     6.137 Hz | MIDI -108 | IDX -168 |   +6.647¢ | 3/2 [+1c] (-6o)
   24 |     6.861 Hz | MIDI -103 | IDX -163 |   +6.256¢ | 5/3 [+12c] (-6o)
   25 |     7.671 Hz | MIDI -98 | IDX -158 |   +5.864¢ | 11/6 [+40c] (-6o)
   26 |     8.208 Hz | MIDI -95 | IDX -155 |   +6.843¢ | 1/1 [+7c] (-5o)
   27 |     9.177 Hz | MIDI -90 | IDX -150 |   +6.452¢ | 9/8 [-4c] (-5o)
   28 |    10.260 Hz | MIDI -85 | IDX -145 |   +6.060¢ | 5/4 [+7c] (-5o)
   29 |    10.978 Hz | MIDI -82 | IDX -142 |   +7.039¢ | 4/3 [+12c] (-5o)
   30 |    12.274 Hz | MIDI -77 | IDX -137 |   +6.647¢ | 3/2 [+1c] (-5o)
   31 |    13.723 Hz | MIDI -72 | IDX -132 |   +6.256¢ | 5/3 [+12c] (-5o)
   32 |    15.343 Hz | MIDI -67 | IDX -127 |   +5.864¢ | 11/6 [+40c] (-5o)
   33 |    16.416 Hz | MIDI -64 | IDX -124 |   +6.843¢ | 1/1 [+7c] (-4o)
   34 |    18.354 Hz | MIDI -59 | IDX -119 |   +6.452¢ | 9/8 [-4c] (-4o)
   35 |    20.520 Hz | MIDI -54 | IDX -114 |   +6.060¢ | 5/4 [+7c] (-4o)
   36 |    21.957 Hz | MIDI -51 | IDX -111 |   +7.039¢ | 4/3 [+12c] (-4o)
   37 |    24.548 Hz | MIDI -46 | IDX -106 |   +6.647¢ | 3/2 [+1c] (-4o)
   38 |    27.446 Hz | MIDI -41 | IDX -101 |   +6.256¢ | 5/3 [+12c] (-4o)
   39 |    30.685 Hz | MIDI -36 | IDX -96 |   +5.864¢ | 11/6 [+40c] (-4o)
   40 |    32.833 Hz | MIDI -33 | IDX -93 |   +6.843¢ | 1/1 [+7c] (-3o)
   41 |    36.708 Hz | MIDI -28 | IDX -88 |   +6.452¢ | 9/8 [-4c] (-3o)
   42 |    41.041 Hz | MIDI -23 | IDX -83 |   +6.060¢ | 5/4 [+7c] (-3o)
   43 |    43.913 Hz | MIDI -20 | IDX -80 |   +7.039¢ | 4/3 [+12c] (-3o)
   44 |    49.096 Hz | MIDI -15 | IDX -75 |   +6.647¢ | 3/2 [+1c] (-3o)
   45 |    54.891 Hz | MIDI -10 | IDX -70 |   +6.256¢ | 5/3 [+12c] (-3o)
   46 |    61.370 Hz | MIDI  -5 | IDX -65 |   +5.864¢ | 11/6 [+40c] (-3o)
   47 |    65.665 Hz | MIDI  -2 | IDX -62 |   +6.843¢ | 1/1 [+7c] (-2o)
   48 |    73.416 Hz | MIDI   3 | IDX -57 |   +6.452¢ | 9/8 [-4c] (-2o)
   49 |    82.082 Hz | MIDI   8 | IDX -52 |   +6.060¢ | 5/4 [+7c] (-2o)
   50 |    87.826 Hz | MIDI  11 | IDX -49 |   +7.039¢ | 4/3 [+12c] (-2o)
   51 |    98.193 Hz | MIDI  16 | IDX -44 |   +6.647¢ | 3/2 [+1c] (-2o)
   52 |   109.783 Hz | MIDI  21 | IDX -39 |   +6.256¢ | 5/3 [+12c] (-2o)
   53 |   122.741 Hz | MIDI  26 | IDX -34 |   +5.864¢ | 11/6 [+40c] (-2o)
   54 |   131.331 Hz | MIDI  29 | IDX -31 |   +6.843¢ | 1/1 [+7c] (-1o)
   55 |   146.832 Hz | MIDI  34 | IDX -26 |   +6.452¢ | 9/8 [-4c] (-1o)
   56 |   164.164 Hz | MIDI  39 | IDX -21 |   +6.060¢ | 5/4 [+7c] (-1o)
   57 |   175.653 Hz | MIDI  42 | IDX -18 |   +7.039¢ | 4/3 [+12c] (-1o)
   58 |   196.385 Hz | MIDI  47 | IDX -13 |   +6.647¢ | 3/2 [+1c] (-1o)
   59 |   219.566 Hz | MIDI  52 | IDX  -8 |   +6.256¢ | 5/3 [+12c] (-1o)
   60 |   245.482 Hz | MIDI  57 | IDX  -3 |   +5.864¢ | 11/6 [+40c] (-1o)
   61 |   262.662 Hz | MIDI  60 | IDX   0 |   +6.843¢ | 1/1 [+7c] (+0o)
>  62 |   293.665 Hz | MIDI  65 | IDX   5 |   +6.452¢ | 9/8 [-4c] (+0o)
   63 |   328.327 Hz | MIDI  70 | IDX  10 |   +6.060¢ | 5/4 [+7c] (+0o)
   64 |   351.305 Hz | MIDI  73 | IDX  13 |   +7.039¢ | 4/3 [+12c] (+0o)
   65 |   392.771 Hz | MIDI  78 | IDX  18 |   +6.647¢ | 3/2 [+1c] (+0o)
   66 |   439.131 Hz | MIDI  83 | IDX  23 |   +6.256¢ | 5/3 [+12c] (+0o)
   67 |   490.964 Hz | MIDI  88 | IDX  28 |   +5.864¢ | 11/6 [+40c] (+0o)
   68 |   525.324 Hz | MIDI  91 | IDX  31 |   +6.843¢ | 1/1 [+7c] (+1o)
   69 |   587.330 Hz | MIDI  96 | IDX  36 |   +6.452¢ | 9/8 [-4c] (+1o)
   70 |   656.654 Hz | MIDI 101 | IDX  41 |   +6.060¢ | 5/4 [+7c] (+1o)
   71 |   702.610 Hz | MIDI 104 | IDX  44 |   +7.039¢ | 4/3 [+12c] (+1o)
   72 |   785.542 Hz | MIDI 109 | IDX  49 |   +6.647¢ | 3/2 [+1c] (+1o)
   73 |   878.263 Hz | MIDI 114 | IDX  54 |   +6.256¢ | 5/3 [+12c] (+1o)
   74 |   981.927 Hz | MIDI 119 | IDX  59 |   +5.864¢ | 11/6 [+40c] (+1o)
   75 |  1050.647 Hz | MIDI 122 | IDX  62 |   +6.843¢ | 1/1 [+7c] (+2o)
   76 |  1174.659 Hz | MIDI 127 | IDX  67 |   +6.452¢ | 9/8 [-4c] (+2o)
   77 |  1313.309 Hz | MIDI 132 | IDX  72 |   +6.060¢ | 5/4 [+7c] (+2o)
   78 |  1405.220 Hz | MIDI 135 | IDX  75 |   +7.039¢ | 4/3 [+12c] (+2o)
   79 |  1571.084 Hz | MIDI 140 | IDX  80 |   +6.647¢ | 3/2 [+1c] (+2o)
   80 |  1756.525 Hz | MIDI 145 | IDX  85 |   +6.256¢ | 5/3 [+12c] (+2o)
   81 |  1963.855 Hz | MIDI 150 | IDX  90 |   +5.864¢ | 11/6 [+40c] (+2o)
   82 |  2101.294 Hz | MIDI 153 | IDX  93 |   +6.843¢ | 1/1 [+7c] (+3o)
   83 |  2349.318 Hz | MIDI 158 | IDX  98 |   +6.452¢ | 9/8 [-4c] (+3o)
   84 |  2626.618 Hz | MIDI 163 | IDX 103 |   +6.060¢ | 5/4 [+7c] (+3o)
   85 |  2810.440 Hz | MIDI 166 | IDX 106 |   +7.039¢ | 4/3 [+12c] (+3o)
   86 |  3142.167 Hz | MIDI 171 | IDX 111 |   +6.647¢ | 3/2 [+1c] (+3o)
   87 |  3513.050 Hz | MIDI 176 | IDX 116 |   +6.256¢ | 5/3 [+12c] (+3o)
   88 |  3927.709 Hz | MIDI 181 | IDX 121 |   +5.864¢ | 11/6 [+40c] (+3o)
   89 |  4202.588 Hz | MIDI 184 | IDX 124 |   +6.843¢ | 1/1 [+7c] (+4o)
   90 |  4698.636 Hz | MIDI 189 | IDX 129 |   +6.452¢ | 9/8 [-4c] (+4o)
   91 |  5253.235 Hz | MIDI 194 | IDX 134 |   +6.060¢ | 5/4 [+7c] (+4o)
   92 |  5620.880 Hz | MIDI 197 | IDX 137 |   +7.039¢ | 4/3 [+12c] (+4o)
   93 |  6284.335 Hz | MIDI 202 | IDX 142 |   +6.647¢ | 3/2 [+1c] (+4o)
   94 |  7026.100 Hz | MIDI 207 | IDX 147 |   +6.256¢ | 5/3 [+12c] (+4o)
   95 |  7855.419 Hz | MIDI 212 | IDX 152 |   +5.864¢ | 11/6 [+40c] (+4o)
   96 |  8405.176 Hz | MIDI 215 | IDX 155 |   +6.843¢ | 1/1 [+7c] (+5o)
   97 |  9397.273 Hz | MIDI 220 | IDX 160 |   +6.452¢ | 9/8 [-4c] (+5o)
   98 | 10506.470 Hz | MIDI 225 | IDX 165 |   +6.060¢ | 5/4 [+7c] (+5o)
   99 | 11241.760 Hz | MIDI 228 | IDX 168 |   +7.039¢ | 4/3 [+12c] (+5o)
  100 | 12568.670 Hz | MIDI 233 | IDX 173 |   +6.647¢ | 3/2 [+1c] (+5o)
  101 | 14052.200 Hz | MIDI 238 | IDX 178 |   +6.256¢ | 5/3 [+12c] (+5o)
  102 | 15710.837 Hz | MIDI 243 | IDX 183 |   +5.864¢ | 11/6 [+40c] (+5o)
  103 | 16810.352 Hz | MIDI 246 | IDX 186 |   +6.843¢ | 1/1 [+7c] (+6o)
  104 | 18794.545 Hz | MIDI 251 | IDX 191 |   +6.452¢ | 9/8 [-4c] (+6o)
  105 | 21012.940 Hz | MIDI 256 | IDX 196 |   +6.060¢ | 5/4 [+7c] (+6o)
  106 | 22483.520 Hz | MIDI 259 | IDX 199 |   +7.039¢ | 4/3 [+12c] (+6o)
  107 | 25137.340 Hz | MIDI 264 | IDX 204 |   +6.647¢ | 3/2 [+1c] (+6o)
  108 | 28104.400 Hz | MIDI 269 | IDX 209 |   +6.256¢ | 5/3 [+12c] (+6o)
  109 | 31421.675 Hz | MIDI 274 | IDX 214 |   +5.864¢ | 11/6 [+40c] (+6o)
  110 | 33620.704 Hz | MIDI 277 | IDX 217 |   +6.843¢ | 1/1 [+7c] (+7o)
  111 | 37589.090 Hz | MIDI 282 | IDX 222 |   +6.452¢ | 9/8 [-4c] (+7o)
  112 | 42025.881 Hz | MIDI 287 | IDX 227 |   +6.060¢ | 5/4 [+7c] (+7o)
  113 | 44967.040 Hz | MIDI 290 | IDX 230 |   +7.039¢ | 4/3 [+12c] (+7o)
  114 | 50274.679 Hz | MIDI 295 | IDX 235 |   +6.647¢ | 3/2 [+1c] (+7o)
  115 | 56208.800 Hz | MIDI 300 | IDX 240 |   +6.256¢ | 5/3 [+12c] (+7o)
  116 | 62843.349 Hz | MIDI 305 | IDX 245 |   +5.864¢ | 11/6 [+40c] (+7o)
  117 | 67241.409 Hz | MIDI 308 | IDX 248 |   +6.843¢ | 1/1 [+7c] (+8o)
  118 | 75178.181 Hz | MIDI 313 | IDX 253 |   +6.452¢ | 9/8 [-4c] (+8o)
  119 | 84051.761 Hz | MIDI 318 | IDX 258 |   +6.060¢ | 5/4 [+7c] (+8o)
  120 | 89934.081 Hz | MIDI 321 | IDX 261 |   +7.039¢ | 4/3 [+12c] (+8o)
  121 | 100549.359 Hz | MIDI 326 | IDX 266 |   +6.647¢ | 3/2 [+1c] (+8o)
  122 | 112417.601 Hz | MIDI 331 | IDX 271 |   +6.256¢ | 5/3 [+12c] (+8o)
  123 | 125686.699 Hz | MIDI 336 | IDX 276 |   +5.864¢ | 11/6 [+40c] (+8o)
  124 | 134482.818 Hz | MIDI 339 | IDX 279 |   +6.843¢ | 1/1 [+7c] (+9o)
  125 | 150356.361 Hz | MIDI 344 | IDX 284 |   +6.452¢ | 9/8 [-4c] (+9o)
  126 | 168103.522 Hz | MIDI 349 | IDX 289 |   +6.060¢ | 5/4 [+7c] (+9o)
  127 | 179868.161 Hz | MIDI 352 | IDX 292 |   +7.039¢ | 4/3 [+12c] (+9o)
