0xf0
0x7f
0x7f
0x08
0x02
0x00
0x4b
0x1d
0x00
0x36
0x6e
0x1e
0x02
0x12
0x25
0x1f
0x03
0x6d
0x5b
0x20
0x05
0x49
0x12
0x21
0x07
0x24
0x49
0x22
0x09
0x00
0x00
0x23
0x0a
0x5b
0x37
0x24
0x0c
0x36
0x6e
0x25
0x0e
0x12
0x25
0x26
0x0f
0x6d
0x5b
0x27
0x11
0x49
0x12
0x28
0x13
0x24
0x49
0x29
0x15
0x00
0x00
0x2a
0x16
0x5b
0x37
0x2b
0x18
0x36
0x6e
0x2c
0x1a
0x12
0x25
0x2d
0x1b
0x6d
0x5b
0x2e
0x1d
0x49
0x12
0x2f
0x1f
0x24
0x49
0x30
0x21
0x00
0x00
0x31
0x22
0x5b
0x37
0x32
0x24
0x36
0x6e
0x33
0x26
0x12
0x25
0x34
0x27
0x6d
0x5b
0x35
0x29
0x49
0x12
0x36
0x2b
0x24
0x49
0x37
0x2d
0x00
0x00
0x38
0x2e
0x5b
0x37
0x39
0x30
0x36
0x6e
0x3a
0x32
0x12
0x25
0x3b
0x33
0x6d
0x5b
0x3c
0x35
0x49
0x12
0x3d
0x37
0x24
0x49
0x3e
0x39
0x00
0x00
0x3f
0x3a
0x5b
0x37
0x40
0x3c
0x36
0x6e
0x41
0x3e
0x12
0x25
0x42
0x3f
0x6d
0x5b
0x43
0x41
0x49
0x12
0x44
0x43
0x24
0x49
0x45
0x45
0x00
0x00
0x46
0x46
0x5b
0x37
0x47
0x48
0x36
0x6e
0x48
0x4a
0x12
0x25
0x49
0x4b
0x6d
0x5b
0x4a
0x4d
0x49
0x12
0x4b
0x4f
0x24
0x49
0x4c
0x51
0x00
0x00
0x4d
0x52
0x5b
0x37
0x4e
0x54
0x36
0x6e
0x4f
0x56
0x12
0x25
0x50
0x57
0x6d
0x5b
0x51
0x59
0x49
0x12
0x52
0x5b
0x24
0x49
0x53
0x5d
0x00
0x00
0x54
0x5e
0x5b
0x37
0x55
0x60
0x36
0x6e
0x56
0x62
0x12
0x25
0x57
0x63
0x6d
0x5b
0x58
0x65
0x49
0x12
0x59
0x67
0x24
0x49
0x5a
0x69
0x00
0x00
0x5b
0x6a
0x5b
0x37
0x5c
0x6c
0x36
0x6e
0x5d
0x6e
0x12
0x25
0x5e
0x6f
0x6d
0x5b
0x5f
0x71
0x49
0x12
0x60
0x73
0x24
0x49
0x61
0x75
0x00
0x00
0x62
0x76
0x5b
0x37
0x63
0x78
0x36
0x6e
0x64
0x7a
0x12
0x25
0x65
0x7b
0x6d
0x5b
0x66
0x7d
0x49
0x12
0x67
0x7f
0x24
0x49
0xf7
Number of retuned notes: 75
Number of out-of-range notes: 52
