  ----------Source Scale----------- ‖ ----Pitch----- ‖ --------Target Scale--------
    1 | IDX  -61 | 11/9    -5¢  -9o ‖       0.699 Hz ‖  -43 |      F -5 |  +42.857¢
    2 | IDX  -60 |  4/3   +16¢  -9o ‖       0.772 Hz ‖  -41 |      G -5 |  +14.286¢
    3 | IDX  -59 |  3/2   -16¢  -9o ‖       0.852 Hz ‖  -39 |      A -5 |  -14.286¢
    4 | IDX  -58 | 18/11   +5¢  -9o ‖       0.941 Hz ‖  -37 |      B -5 |  -42.857¢
    5 | IDX  -57 | 20/11   -6¢  -9o ‖       1.039 Hz ‖  -36 |      C -4 |  +28.571¢
    6 | IDX  -56 |  1/1    +0¢  -8o ‖       1.147 Hz ‖  -34 |      D -4 |   +0.000¢
    7 | IDX  -55 | 11/10   +6¢  -8o ‖       1.267 Hz ‖  -32 |      E -4 |  -28.571¢
    8 | IDX  -54 | 11/9    -5¢  -8o ‖       1.398 Hz ‖  -31 |      F -4 |  +42.857¢
    9 | IDX  -53 |  4/3   +16¢  -8o ‖       1.544 Hz ‖  -29 |      G -4 |  +14.286¢
   10 | IDX  -52 |  3/2   -16¢  -8o ‖       1.705 Hz ‖  -27 |      A -4 |  -14.286¢
   11 | IDX  -51 | 18/11   +5¢  -8o ‖       1.882 Hz ‖  -25 |      B -4 |  -42.857¢
   12 | IDX  -50 | 20/11   -6¢  -8o ‖       2.078 Hz ‖  -24 |      C -3 |  +28.571¢
   13 | IDX  -49 |  1/1    +0¢  -7o ‖       2.294 Hz ‖  -22 |      D -3 |   +0.000¢
   14 | IDX  -48 | 11/10   +6¢  -7o ‖       2.533 Hz ‖  -20 |      E -3 |  -28.571¢
   15 | IDX  -47 | 11/9    -5¢  -7o ‖       2.797 Hz ‖  -19 |      F -3 |  +42.857¢
   16 | IDX  -46 |  4/3   +16¢  -7o ‖       3.088 Hz ‖  -17 |      G -3 |  +14.286¢
   17 | IDX  -45 |  3/2   -16¢  -7o ‖       3.409 Hz ‖  -15 |      A -3 |  -14.286¢
   18 | IDX  -44 | 18/11   +5¢  -7o ‖       3.764 Hz ‖  -13 |      B -3 |  -42.857¢
   19 | IDX  -43 | 20/11   -6¢  -7o ‖       4.156 Hz ‖  -12 |      C -2 |  +28.571¢
   20 | IDX  -42 |  1/1    +0¢  -6o ‖       4.589 Hz ‖  -10 |      D -2 |   +0.000¢
   21 | IDX  -41 | 11/10   +6¢  -6o ‖       5.066 Hz ‖   -8 |      E -2 |  -28.571¢
   22 | IDX  -40 | 11/9    -5¢  -6o ‖       5.593 Hz ‖   -7 |      F -2 |  +42.857¢
   23 | IDX  -39 |  4/3   +16¢  -6o ‖       6.176 Hz ‖   -5 |      G -2 |  +14.286¢
   24 | IDX  -38 |  3/2   -16¢  -6o ‖       6.819 Hz ‖   -3 |      A -2 |  -14.286¢
   25 | IDX  -37 | 18/11   +5¢  -6o ‖       7.528 Hz ‖   -1 |      B -2 |  -42.857¢
   26 | IDX  -36 | 20/11   -6¢  -6o ‖       8.312 Hz ‖    0 |      C -1 |  +28.571¢
   27 | IDX  -35 |  1/1    +0¢  -5o ‖       9.177 Hz ‖    2 |      D -1 |   +0.000¢
   28 | IDX  -34 | 11/10   +6¢  -5o ‖      10.132 Hz ‖    4 |      E -1 |  -28.571¢
   29 | IDX  -33 | 11/9    -5¢  -5o ‖      11.187 Hz ‖    5 |      F -1 |  +42.857¢
   30 | IDX  -32 |  4/3   +16¢  -5o ‖      12.351 Hz ‖    7 |      G -1 |  +14.286¢
   31 | IDX  -31 |  3/2   -16¢  -5o ‖      13.637 Hz ‖    9 |      A -1 |  -14.286¢
   32 | IDX  -30 | 18/11   +5¢  -5o ‖      15.056 Hz ‖   11 |      B -1 |  -42.857¢
   33 | IDX  -29 | 20/11   -6¢  -5o ‖      16.624 Hz ‖   12 |       C 0 |  +28.571¢
   34 | IDX  -28 |  1/1    +0¢  -4o ‖      18.354 Hz ‖   14 |       D 0 |   +0.000¢
   35 | IDX  -27 | 11/10   +6¢  -4o ‖      20.265 Hz ‖   16 |       E 0 |  -28.571¢
   36 | IDX  -26 | 11/9    -5¢  -4o ‖      22.374 Hz ‖   17 |       F 0 |  +42.857¢
   37 | IDX  -25 |  4/3   +16¢  -4o ‖      24.703 Hz ‖   19 |       G 0 |  +14.286¢
   38 | IDX  -24 |  3/2   -16¢  -4o ‖      27.274 Hz ‖   21 |       A 0 |  -14.286¢
   39 | IDX  -23 | 18/11   +5¢  -4o ‖      30.113 Hz ‖   23 |       B 0 |  -42.857¢
   40 | IDX  -22 | 20/11   -6¢  -4o ‖      33.247 Hz ‖   24 |       C 1 |  +28.571¢
   41 | IDX  -21 |  1/1    +0¢  -3o ‖      36.708 Hz ‖   26 |       D 1 |   +0.000¢
   42 | IDX  -20 | 11/10   +6¢  -3o ‖      40.529 Hz ‖   28 |       E 1 |  -28.571¢
   43 | IDX  -19 | 11/9    -5¢  -3o ‖      44.748 Hz ‖   29 |       F 1 |  +42.857¢
   44 | IDX  -18 |  4/3   +16¢  -3o ‖      49.405 Hz ‖   31 |       G 1 |  +14.286¢
   45 | IDX  -17 |  3/2   -16¢  -3o ‖      54.548 Hz ‖   33 |       A 1 |  -14.286¢
   46 | IDX  -16 | 18/11   +5¢  -3o ‖      60.226 Hz ‖   35 |       B 1 |  -42.857¢
   47 | IDX  -15 | 20/11   -6¢  -3o ‖      66.495 Hz ‖   36 |       C 2 |  +28.571¢
   48 | IDX  -14 |  1/1    +0¢  -2o ‖      73.416 Hz ‖   38 |       D 2 |   +0.000¢
   49 | IDX  -13 | 11/10   +6¢  -2o ‖      81.058 Hz ‖   40 |       E 2 |  -28.571¢
   50 | IDX  -12 | 11/9    -5¢  -2o ‖      89.495 Hz ‖   41 |       F 2 |  +42.857¢
   51 | IDX  -11 |  4/3   +16¢  -2o ‖      98.811 Hz ‖   43 |       G 2 |  +14.286¢
   52 | IDX  -10 |  3/2   -16¢  -2o ‖     109.096 Hz ‖   45 |       A 2 |  -14.286¢
   53 | IDX   -9 | 18/11   +5¢  -2o ‖     120.452 Hz ‖   47 |       B 2 |  -42.857¢
   54 | IDX   -8 | 20/11   -6¢  -2o ‖     132.990 Hz ‖   48 |       C 3 |  +28.571¢
   55 | IDX   -7 |  1/1    +0¢  -1o ‖     146.832 Hz ‖   50 |       D 3 |   +0.000¢
   56 | IDX   -6 | 11/10   +6¢  -1o ‖     162.116 Hz ‖   52 |       E 3 |  -28.571¢
   57 | IDX   -5 | 11/9    -5¢  -1o ‖     178.991 Hz ‖   53 |       F 3 |  +42.857¢
   58 | IDX   -4 |  4/3   +16¢  -1o ‖     197.622 Hz ‖   55 |       G 3 |  +14.286¢
   59 | IDX   -3 |  3/2   -16¢  -1o ‖     218.192 Hz ‖   57 |       A 3 |  -14.286¢
   60 | IDX   -2 | 18/11   +5¢  -1o ‖     240.904 Hz ‖   59 |       B 3 |  -42.857¢
   61 | IDX   -1 | 20/11   -6¢  -1o ‖     265.979 Hz ‖   60 |       C 4 |  +28.571¢
>  62 | IDX    0 |  1/1    +0¢  +0o ‖     293.665 Hz ‖   62 |       D 4 |   +0.000¢
   63 | IDX    1 | 11/10   +6¢  +0o ‖     324.232 Hz ‖   64 |       E 4 |  -28.571¢
   64 | IDX    2 | 11/9    -5¢  +0o ‖     357.981 Hz ‖   65 |       F 4 |  +42.857¢
   65 | IDX    3 |  4/3   +16¢  +0o ‖     395.243 Hz ‖   67 |       G 4 |  +14.286¢
   66 | IDX    4 |  3/2   -16¢  +0o ‖     436.384 Hz ‖   69 |       A 4 |  -14.286¢
   67 | IDX    5 | 18/11   +5¢  +0o ‖     481.807 Hz ‖   71 |       B 4 |  -42.857¢
   68 | IDX    6 | 20/11   -6¢  +0o ‖     531.958 Hz ‖   72 |       C 5 |  +28.571¢
   69 | IDX    7 |  2/1    -0¢  +0o ‖     587.330 Hz ‖   74 |       D 5 |   -0.000¢
   70 | IDX    8 | 11/10   +6¢  +1o ‖     648.464 Hz ‖   76 |       E 5 |  -28.571¢
   71 | IDX    9 | 11/9    -5¢  +1o ‖     715.963 Hz ‖   77 |       F 5 |  +42.857¢
   72 | IDX   10 |  4/3   +16¢  +1o ‖     790.487 Hz ‖   79 |       G 5 |  +14.286¢
   73 | IDX   11 |  3/2   -16¢  +1o ‖     872.768 Hz ‖   81 |       A 5 |  -14.286¢
   74 | IDX   12 | 18/11   +5¢  +1o ‖     963.614 Hz ‖   83 |       B 5 |  -42.857¢
   75 | IDX   13 | 20/11   -6¢  +1o ‖    1063.917 Hz ‖   84 |       C 6 |  +28.571¢
   76 | IDX   14 |  2/1    -0¢  +1o ‖    1174.659 Hz ‖   86 |       D 6 |   -0.000¢
   77 | IDX   15 | 11/10   +6¢  +2o ‖    1296.929 Hz ‖   88 |       E 6 |  -28.571¢
   78 | IDX   16 | 11/9    -5¢  +2o ‖    1431.925 Hz ‖   89 |       F 6 |  +42.857¢
   79 | IDX   17 |  4/3   +16¢  +2o ‖    1580.974 Hz ‖   91 |       G 6 |  +14.286¢
   80 | IDX   18 |  3/2   -16¢  +2o ‖    1745.537 Hz ‖   93 |       A 6 |  -14.286¢
   81 | IDX   19 | 18/11   +5¢  +2o ‖    1927.229 Hz ‖   95 |       B 6 |  -42.857¢
   82 | IDX   20 | 20/11   -6¢  +2o ‖    2127.833 Hz ‖   96 |       C 7 |  +28.571¢
   83 | IDX   21 |  2/1    -0¢  +2o ‖    2349.318 Hz ‖   98 |       D 7 |   -0.000¢
   84 | IDX   22 | 11/10   +6¢  +3o ‖    2593.858 Hz ‖  100 |       E 7 |  -28.571¢
   85 | IDX   23 | 11/9    -5¢  +3o ‖    2863.851 Hz ‖  101 |       F 7 |  +42.857¢
   86 | IDX   24 |  4/3   +16¢  +3o ‖    3161.948 Hz ‖  103 |       G 7 |  +14.286¢
   87 | IDX   25 |  3/2   -16¢  +3o ‖    3491.073 Hz ‖  105 |       A 7 |  -14.286¢
   88 | IDX   26 | 18/11   +5¢  +3o ‖    3854.457 Hz ‖  107 |       B 7 |  -42.857¢
   89 | IDX   27 | 20/11   -6¢  +3o ‖    4255.666 Hz ‖  108 |       C 8 |  +28.571¢
   90 | IDX   28 |  2/1    -0¢  +3o ‖    4698.636 Hz ‖  110 |       D 8 |   -0.000¢
   91 | IDX   29 | 11/10   +6¢  +4o ‖    5187.715 Hz ‖  112 |       E 8 |  -28.571¢
   92 | IDX   30 | 11/9    -5¢  +4o ‖    5727.702 Hz ‖  113 |       F 8 |  +42.857¢
   93 | IDX   31 |  4/3   +16¢  +4o ‖    6323.895 Hz ‖  115 |       G 8 |  +14.286¢
   94 | IDX   32 |  3/2   -16¢  +4o ‖    6982.147 Hz ‖  117 |       A 8 |  -14.286¢
   95 | IDX   33 | 18/11   +5¢  +4o ‖    7708.915 Hz ‖  119 |       B 8 |  -42.857¢
   96 | IDX   34 | 20/11   -6¢  +4o ‖    8511.332 Hz ‖  120 |       C 9 |  +28.571¢
   97 | IDX   35 |  2/1    -0¢  +4o ‖    9397.273 Hz ‖  122 |       D 9 |   -0.000¢
   98 | IDX   36 | 11/10   +6¢  +5o ‖   10375.430 Hz ‖  124 |       E 9 |  -28.571¢
   99 | IDX   37 | 11/9    -5¢  +5o ‖   11455.404 Hz ‖  125 |       F 9 |  +42.857¢
  100 | IDX   38 |  4/3   +16¢  +5o ‖   12647.791 Hz ‖  127 |       G 9 |  +14.286¢
  101 | IDX   39 |  3/2   -16¢  +5o ‖   13964.293 Hz ‖  129 |       A 9 |  -14.286¢
  102 | IDX   40 | 18/11   +5¢  +5o ‖   15417.830 Hz ‖  131 |       B 9 |  -42.857¢
  103 | IDX   41 | 20/11   -6¢  +5o ‖   17022.664 Hz ‖  132 |      C 10 |  +28.571¢
  104 | IDX   42 |  2/1    -0¢  +5o ‖   18794.545 Hz ‖  134 |      D 10 |   -0.000¢
  105 | IDX   43 | 11/10   +6¢  +6o ‖   20750.860 Hz ‖  136 |      E 10 |  -28.571¢
  106 | IDX   44 | 11/9    -5¢  +6o ‖   22910.807 Hz ‖  137 |      F 10 |  +42.857¢
  107 | IDX   45 |  4/3   +16¢  +6o ‖   25295.582 Hz ‖  139 |      G 10 |  +14.286¢
  108 | IDX   46 |  3/2   -16¢  +6o ‖   27928.587 Hz ‖  141 |      A 10 |  -14.286¢
  109 | IDX   47 | 18/11   +5¢  +6o ‖   30835.660 Hz ‖  143 |      B 10 |  -42.857¢
  110 | IDX   48 | 20/11   -6¢  +6o ‖   34045.329 Hz ‖  144 |      C 11 |  +28.571¢
  111 | IDX   49 |  2/1    -0¢  +6o ‖   37589.090 Hz ‖  146 |      D 11 |   -0.000¢
  112 | IDX   50 | 11/10   +6¢  +7o ‖   41501.720 Hz ‖  148 |      E 11 |  -28.571¢
  113 | IDX   51 | 11/9    -5¢  +7o ‖   45821.614 Hz ‖  149 |      F 11 |  +42.857¢
  114 | IDX   52 |  4/3   +16¢  +7o ‖   50591.164 Hz ‖  151 |      G 11 |  +14.286¢
  115 | IDX   53 |  3/2   -16¢  +7o ‖   55857.174 Hz ‖  153 |      A 11 |  -14.286¢
  116 | IDX   54 | 18/11   +5¢  +7o ‖   61671.320 Hz ‖  155 |      B 11 |  -42.857¢
  117 | IDX   55 | 20/11   -6¢  +7o ‖   68090.657 Hz ‖  156 |      C 12 |  +28.571¢
  118 | IDX   56 |  2/1    -0¢  +7o ‖   75178.181 Hz ‖  158 |      D 12 |   -0.000¢
  119 | IDX   57 | 11/10   +6¢  +8o ‖   83003.441 Hz ‖  160 |      E 12 |  -28.571¢
  120 | IDX   58 | 11/9    -5¢  +8o ‖   91643.229 Hz ‖  161 |      F 12 |  +42.857¢
  121 | IDX   59 |  4/3   +16¢  +8o ‖  101182.328 Hz ‖  163 |      G 12 |  +14.286¢
  122 | IDX   60 |  3/2   -16¢  +8o ‖  111714.347 Hz ‖  165 |      A 12 |  -14.286¢
  123 | IDX   61 | 18/11   +5¢  +8o ‖  123342.639 Hz ‖  167 |      B 12 |  -42.857¢
  124 | IDX   62 | 20/11   -6¢  +8o ‖  136181.314 Hz ‖  168 |      C 13 |  +28.571¢
  125 | IDX   63 |  2/1    -0¢  +8o ‖  150356.361 Hz ‖  170 |      D 13 |   -0.000¢
  126 | IDX   64 | 11/10   +6¢  +9o ‖  166006.882 Hz ‖  172 |      E 13 |  -28.571¢
  127 | IDX   65 | 11/9    -5¢  +9o ‖  183286.457 Hz ‖  173 |      F 13 |  +42.857¢
