---- Properties of 16-EDO (Meantone) ----

Number of cycles: 1
1 fifth = 9 EDO steps = +675.0c (pythagorean -27.0c)
1 primary step = 2 EDO steps
1 secondary step = 3 EDO steps
1 sharp = -1 EDO steps (Mavila)

-- Keyboard layout --
 4   6   8   10  12  14  0   2   4   6  
 7   9   11  13  15  1   3   5   7   9  
 10  12  14  0   2   4   6   8   10  12 
 13  15  1   3   5   7   9   11  13  15 
 0   2   4   6   8   10  12  14  0   2  
 3   5   7   9   11  13  15  1   3   5  
 6   8   10  12  14  0   2   4   6   8  
 9   11  13  15  1   3   5   7   9   11 
 12  14  0   2   4   6   8   10  12  14 
 15  1   3   5   7   9   11  13  15  1  

-- Scale steps --
  0. D
  1. Db / E#
  2. E
  3. Eb
  4. F# **JI m3rd**
  5. F **JI M3rd**
  6. Fb / G#
  7. G **JI P4th**
  8. Gb / A#
  9. A **JI P5th**
 10. Ab / B#
 11. B
 12. Bb
 13. C#
 14. C
 15. Cb / D#
