---- Properties of 15-EDO stretched by -7.9c (Meantone) ----

Number of cycles: 3
1 fifth = 9 EDO steps = +715.2c (pythagorean +13.3c)
1 primary step = 3 EDO steps
1 secondary step = 0 EDO steps
1 sharp = 3 EDO steps

-- Keyboard layout --
 11  14  2   5   8   11  14  2   5   8  
 12  0   3   6   9   12  0   3   6   9  
 13  1   4   7   10  13  1   4   7   10 
 14  2   5   8   11  14  2   5   8   11 
 0   3   6   9   12  0   3   6   9   12 
 1   4   7   10  13  1   4   7   10  13 
 2   5   8   11  14  2   5   8   11  14 
 3   6   9   12  0   3   6   9   12  0  
 4   7   10  13  1   4   7   10  13  1  
 5   8   11  14  2   5   8   11  14  2  

-- Scale steps --
  0. D
  1. ▲D
  2. ▲▲D
  3. E / F
  4. ▲E / ▲F **JI m3rd**
  5. ▲▲E / ▲▲F **JI M3rd**
  6. G **JI P4th**
  7. ▲G
  8. ▲▲G
  9. A **JI P5th**
 10. ▲A
 11. ▲▲A
 12. B / C
 13. ▲B / ▲C
 14. ▲▲B / ▲▲C

---- Properties of 15-EDO stretched by -7.9c (Porcupine) ----

Number of cycles: 1
1 fifth = 9 EDO steps = +715.2c (pythagorean +13.3c)
1 primary step = 2 EDO steps
1 secondary step = 3 EDO steps
1 sharp = 1 EDO steps

-- Keyboard layout --
 3   5   7   9   11  13  0   2   4   6  
 6   8   10  12  14  1   3   5   7   9  
 9   11  13  0   2   4   6   8   10  12 
 12  14  1   3   5   7   9   11  13  0  
 0   2   4   6   8   10  12  14  1   3  
 3   5   7   9   11  13  0   2   4   6  
 6   8   10  12  14  1   3   5   7   9  
 9   11  13  0   2   4   6   8   10  12 
 12  14  1   3   5   7   9   11  13  0  
 0   2   4   6   8   10  12  14  1   3  

-- Scale steps --
  0. D
  1. D+ / E-
  2. E
  3. E+ / F-
  4. F **JI m3rd**
  5. F+ / G- **JI M3rd**
  6. G **JI P4th**
  7. G+
  8. A-
  9. A **JI P5th**
 10. A+ / B-
 11. B
 12. B+ / C-
 13. C
 14. C+ / D-
