  ----------Source Scale----------- ‖ ----Pitch----- ‖ --------Target Scale--------
   21 | IDX  -39 |  4/3   +16¢  -6o ‖       4.156 Hz ‖  -12 |      C -2 |  +28.571¢
   22 | IDX  -38 |  3/2   -16¢  -6o ‖       4.589 Hz ‖  -10 |      D -2 |   +0.000¢
   23 | IDX  -37 | 18/11   +5¢  -6o ‖       5.066 Hz ‖   -8 |      E -2 |  -28.571¢
   24 | IDX  -36 | 20/11   -6¢  -6o ‖       5.593 Hz ‖   -7 |      F -2 |  +42.857¢
   25 | IDX  -35 |  1/1    +0¢  -5o ‖       6.176 Hz ‖   -5 |      G -2 |  +14.286¢
   26 | IDX  -34 | 11/10   +6¢  -5o ‖       6.819 Hz ‖   -3 |      A -2 |  -14.286¢
   27 | IDX  -33 | 11/9    -5¢  -5o ‖       7.528 Hz ‖   -1 |      B -2 |  -42.857¢
   28 | IDX  -32 |  4/3   +16¢  -5o ‖       8.312 Hz ‖    0 |      C -1 |  +28.571¢
   29 | IDX  -31 |  3/2   -16¢  -5o ‖       9.177 Hz ‖    2 |      D -1 |   +0.000¢
   30 | IDX  -30 | 18/11   +5¢  -5o ‖      10.132 Hz ‖    4 |      E -1 |  -28.571¢
   31 | IDX  -29 | 20/11   -6¢  -5o ‖      11.187 Hz ‖    5 |      F -1 |  +42.857¢
   32 | IDX  -28 |  1/1    +0¢  -4o ‖      12.351 Hz ‖    7 |      G -1 |  +14.286¢
   33 | IDX  -27 | 11/10   +6¢  -4o ‖      13.637 Hz ‖    9 |      A -1 |  -14.286¢
   34 | IDX  -26 | 11/9    -5¢  -4o ‖      15.056 Hz ‖   11 |      B -1 |  -42.857¢
   35 | IDX  -25 |  4/3   +16¢  -4o ‖      16.624 Hz ‖   12 |      C  0 |  +28.571¢
   36 | IDX  -24 |  3/2   -16¢  -4o ‖      18.354 Hz ‖   14 |      D  0 |   +0.000¢
   37 | IDX  -23 | 18/11   +5¢  -4o ‖      20.265 Hz ‖   16 |      E  0 |  -28.571¢
   38 | IDX  -22 | 20/11   -6¢  -4o ‖      22.374 Hz ‖   17 |      F  0 |  +42.857¢
   39 | IDX  -21 |  1/1    +0¢  -3o ‖      24.703 Hz ‖   19 |      G  0 |  +14.286¢
   40 | IDX  -20 | 11/10   +6¢  -3o ‖      27.274 Hz ‖   21 |      A  0 |  -14.286¢
   41 | IDX  -19 | 11/9    -5¢  -3o ‖      30.113 Hz ‖   23 |      B  0 |  -42.857¢
   42 | IDX  -18 |  4/3   +16¢  -3o ‖      33.247 Hz ‖   24 |      C  1 |  +28.571¢
   43 | IDX  -17 |  3/2   -16¢  -3o ‖      36.708 Hz ‖   26 |      D  1 |   +0.000¢
   44 | IDX  -16 | 18/11   +5¢  -3o ‖      40.529 Hz ‖   28 |      E  1 |  -28.571¢
   45 | IDX  -15 | 20/11   -6¢  -3o ‖      44.748 Hz ‖   29 |      F  1 |  +42.857¢
   46 | IDX  -14 |  1/1    +0¢  -2o ‖      49.405 Hz ‖   31 |      G  1 |  +14.286¢
   47 | IDX  -13 | 11/10   +6¢  -2o ‖      54.548 Hz ‖   33 |      A  1 |  -14.286¢
   48 | IDX  -12 | 11/9    -5¢  -2o ‖      60.226 Hz ‖   35 |      B  1 |  -42.857¢
   49 | IDX  -11 |  4/3   +16¢  -2o ‖      66.495 Hz ‖   36 |      C  2 |  +28.571¢
   50 | IDX  -10 |  3/2   -16¢  -2o ‖      73.416 Hz ‖   38 |      D  2 |   +0.000¢
   51 | IDX   -9 | 18/11   +5¢  -2o ‖      81.058 Hz ‖   40 |      E  2 |  -28.571¢
   52 | IDX   -8 | 20/11   -6¢  -2o ‖      89.495 Hz ‖   41 |      F  2 |  +42.857¢
   53 | IDX   -7 |  1/1    +0¢  -1o ‖      98.811 Hz ‖   43 |      G  2 |  +14.286¢
   54 | IDX   -6 | 11/10   +6¢  -1o ‖     109.096 Hz ‖   45 |      A  2 |  -14.286¢
   55 | IDX   -5 | 11/9    -5¢  -1o ‖     120.452 Hz ‖   47 |      B  2 |  -42.857¢
   56 | IDX   -4 |  4/3   +16¢  -1o ‖     132.990 Hz ‖   48 |      C  3 |  +28.571¢
   57 | IDX   -3 |  3/2   -16¢  -1o ‖     146.832 Hz ‖   50 |      D  3 |   +0.000¢
   58 | IDX   -2 | 18/11   +5¢  -1o ‖     162.116 Hz ‖   52 |      E  3 |  -28.571¢
   59 | IDX   -1 | 20/11   -6¢  -1o ‖     178.991 Hz ‖   53 |      F  3 |  +42.857¢
>  60 | IDX    0 |  1/1    +0¢  +0o ‖     197.622 Hz ‖   55 |      G  3 |  +14.286¢
   61 | IDX    1 | 11/10   +6¢  +0o ‖     218.192 Hz ‖   57 |      A  3 |  -14.286¢
   62 | IDX    2 | 11/9    -5¢  +0o ‖     240.904 Hz ‖   59 |      B  3 |  -42.857¢
   63 | IDX    3 |  4/3   +16¢  +0o ‖     265.979 Hz ‖   60 |      C  4 |  +28.571¢
   64 | IDX    4 |  3/2   -16¢  +0o ‖     293.665 Hz ‖   62 |      D  4 |   +0.000¢
   65 | IDX    5 | 18/11   +5¢  +0o ‖     324.232 Hz ‖   64 |      E  4 |  -28.571¢
   66 | IDX    6 | 20/11   -6¢  +0o ‖     357.981 Hz ‖   65 |      F  4 |  +42.857¢
   67 | IDX    7 |  2/1    -0¢  +0o ‖     395.243 Hz ‖   67 |      G  4 |  +14.286¢
   68 | IDX    8 | 11/10   +6¢  +1o ‖     436.384 Hz ‖   69 |      A  4 |  -14.286¢
   69 | IDX    9 | 11/9    -5¢  +1o ‖     481.807 Hz ‖   71 |      B  4 |  -42.857¢
   70 | IDX   10 |  4/3   +16¢  +1o ‖     531.958 Hz ‖   72 |      C  5 |  +28.571¢
   71 | IDX   11 |  3/2   -16¢  +1o ‖     587.330 Hz ‖   74 |      D  5 |   -0.000¢
   72 | IDX   12 | 18/11   +5¢  +1o ‖     648.464 Hz ‖   76 |      E  5 |  -28.571¢
   73 | IDX   13 | 20/11   -6¢  +1o ‖     715.963 Hz ‖   77 |      F  5 |  +42.857¢
   74 | IDX   14 |  2/1    -0¢  +1o ‖     790.487 Hz ‖   79 |      G  5 |  +14.286¢
   75 | IDX   15 | 11/10   +6¢  +2o ‖     872.768 Hz ‖   81 |      A  5 |  -14.286¢
   76 | IDX   16 | 11/9    -5¢  +2o ‖     963.614 Hz ‖   83 |      B  5 |  -42.857¢
   77 | IDX   17 |  4/3   +16¢  +2o ‖    1063.917 Hz ‖   84 |      C  6 |  +28.571¢
   78 | IDX   18 |  3/2   -16¢  +2o ‖    1174.659 Hz ‖   86 |      D  6 |   -0.000¢
   79 | IDX   19 | 18/11   +5¢  +2o ‖    1296.929 Hz ‖   88 |      E  6 |  -28.571¢
   80 | IDX   20 | 20/11   -6¢  +2o ‖    1431.925 Hz ‖   89 |      F  6 |  +42.857¢
   81 | IDX   21 |  2/1    -0¢  +2o ‖    1580.974 Hz ‖   91 |      G  6 |  +14.286¢
   82 | IDX   22 | 11/10   +6¢  +3o ‖    1745.537 Hz ‖   93 |      A  6 |  -14.286¢
   83 | IDX   23 | 11/9    -5¢  +3o ‖    1927.229 Hz ‖   95 |      B  6 |  -42.857¢
   84 | IDX   24 |  4/3   +16¢  +3o ‖    2127.833 Hz ‖   96 |      C  7 |  +28.571¢
   85 | IDX   25 |  3/2   -16¢  +3o ‖    2349.318 Hz ‖   98 |      D  7 |   -0.000¢
   86 | IDX   26 | 18/11   +5¢  +3o ‖    2593.858 Hz ‖  100 |      E  7 |  -28.571¢
   87 | IDX   27 | 20/11   -6¢  +3o ‖    2863.851 Hz ‖  101 |      F  7 |  +42.857¢
   88 | IDX   28 |  2/1    -0¢  +3o ‖    3161.948 Hz ‖  103 |      G  7 |  +14.286¢
   89 | IDX   29 | 11/10   +6¢  +4o ‖    3491.073 Hz ‖  105 |      A  7 |  -14.286¢
   90 | IDX   30 | 11/9    -5¢  +4o ‖    3854.457 Hz ‖  107 |      B  7 |  -42.857¢
   91 | IDX   31 |  4/3   +16¢  +4o ‖    4255.666 Hz ‖  108 |      C  8 |  +28.571¢
   92 | IDX   32 |  3/2   -16¢  +4o ‖    4698.636 Hz ‖  110 |      D  8 |   -0.000¢
   93 | IDX   33 | 18/11   +5¢  +4o ‖    5187.715 Hz ‖  112 |      E  8 |  -28.571¢
   94 | IDX   34 | 20/11   -6¢  +4o ‖    5727.702 Hz ‖  113 |      F  8 |  +42.857¢
   95 | IDX   35 |  2/1    -0¢  +4o ‖    6323.895 Hz ‖  115 |      G  8 |  +14.286¢
   96 | IDX   36 | 11/10   +6¢  +5o ‖    6982.147 Hz ‖  117 |      A  8 |  -14.286¢
   97 | IDX   37 | 11/9    -5¢  +5o ‖    7708.915 Hz ‖  119 |      B  8 |  -42.857¢
   98 | IDX   38 |  4/3   +16¢  +5o ‖    8511.332 Hz ‖  120 |      C  9 |  +28.571¢
   99 | IDX   39 |  3/2   -16¢  +5o ‖    9397.273 Hz ‖  122 |      D  9 |   -0.000¢
  100 | IDX   40 | 18/11   +5¢  +5o ‖   10375.430 Hz ‖  124 |      E  9 |  -28.571¢
  101 | IDX   41 | 20/11   -6¢  +5o ‖   11455.404 Hz ‖  125 |      F  9 |  +42.857¢
  102 | IDX   42 |  2/1    -0¢  +5o ‖   12647.791 Hz ‖  127 |      G  9 |  +14.286¢
  103 | IDX   43 | 11/10   +6¢  +6o ‖   13964.293 Hz ‖  129 |      A  9 |  -14.286¢
  104 | IDX   44 | 11/9    -5¢  +6o ‖   15417.830 Hz ‖  131 |      B  9 |  -42.857¢
  105 | IDX   45 |  4/3   +16¢  +6o ‖   17022.664 Hz ‖  132 |      C 10 |  +28.571¢
  106 | IDX   46 |  3/2   -16¢  +6o ‖   18794.545 Hz ‖  134 |      D 10 |   -0.000¢
  107 | IDX   47 | 18/11   +5¢  +6o ‖   20750.860 Hz ‖  136 |      E 10 |  -28.571¢
  108 | IDX   48 | 20/11   -6¢  +6o ‖   22910.807 Hz ‖  137 |      F 10 |  +42.857¢
