4L5s (Ls|LsLsLss): period=+1902c, equalized_gen = 2\9 (+423c), proper_gen = 3\13 (+439c), paucitonic_gen = 1\4 (+475c)
