5L2s (LLLs|LLs): period=+1200c, equalized_gen = 4\7 (+686c), proper_gen = 7\12 (+700c), paucitonic_gen = 3\5 (+720c)
