6L4s (LLs|Ls.....): period=+1200c, equalized_gen = 3\10 (+360c), proper_gen = 5\16 (+375c), paucitonic_gen = 2\6 (+400c)
