== SysEx start ==
== SysEx end ==
Number of retuned notes: 88
Number of out-of-range notes: 0
