0xf0
0x7f
0x7f
0x08
0x02
0x00
0x40
0x00
0x19
0x35
0x73
0x01
0x1a
0x06
0x5e
0x02
0x1a
0x57
0x4a
0x03
0x1b
0x28
0x36
0x04
0x1b
0x79
0x22
0x05
0x1c
0x4a
0x0d
0x06
0x1d
0x1a
0x79
0x07
0x1d
0x6b
0x65
0x08
0x1e
0x3c
0x51
0x09
0x1f
0x0d
0x3d
0x0a
0x1f
0x5e
0x28
0x0b
0x20
0x2f
0x14
0x0c
0x21
0x00
0x00
0x0d
0x21
0x50
0x6c
0x0e
0x22
0x21
0x58
0x0f
0x22
0x72
0x43
0x10
0x23
0x43
0x2f
0x11
0x24
0x14
0x1b
0x12
0x24
0x65
0x07
0x13
0x25
0x35
0x73
0x14
0x26
0x06
0x5e
0x15
0x26
0x57
0x4a
0x16
0x27
0x28
0x36
0x17
0x27
0x79
0x22
0x18
0x28
0x4a
0x0d
0x19
0x29
0x1a
0x79
0x1a
0x29
0x6b
0x65
0x1b
0x2a
0x3c
0x51
0x1c
0x2b
0x0d
0x3d
0x1d
0x2b
0x5e
0x28
0x1e
0x2c
0x2f
0x14
0x1f
0x2d
0x00
0x00
0x20
0x2d
0x50
0x6c
0x21
0x2e
0x21
0x58
0x22
0x2e
0x72
0x43
0x23
0x2f
0x43
0x2f
0x24
0x30
0x14
0x1b
0x25
0x30
0x65
0x07
0x26
0x31
0x35
0x73
0x27
0x32
0x06
0x5e
0x28
0x32
0x57
0x4a
0x29
0x33
0x28
0x36
0x2a
0x33
0x79
0x22
0x2b
0x34
0x4a
0x0d
0x2c
0x35
0x1a
0x79
0x2d
0x35
0x6b
0x65
0x2e
0x36
0x3c
0x51
0x2f
0x37
0x0d
0x3d
0x30
0x37
0x5e
0x28
0x31
0x38
0x2f
0x14
0x32
0x39
0x00
0x00
0x33
0x39
0x50
0x6c
0x34
0x3a
0x21
0x58
0x35
0x3a
0x72
0x43
0x36
0x3b
0x43
0x2f
0x37
0x3c
0x14
0x1b
0x38
0x3c
0x65
0x07
0x39
0x3d
0x35
0x73
0x3a
0x3e
0x06
0x5e
0x3b
0x3e
0x57
0x4a
0x3c
0x3f
0x28
0x36
0x3d
0x3f
0x79
0x22
0x3e
0x40
0x4a
0x0d
0x3f
0x41
0x1a
0x79
0xf7
0xf0
0x7f
0x7f
0x08
0x02
0x00
0x40
0x40
0x41
0x6b
0x65
0x41
0x42
0x3c
0x51
0x42
0x43
0x0d
0x3d
0x43
0x43
0x5e
0x28
0x44
0x44
0x2f
0x14
0x45
0x45
0x00
0x00
0x46
0x45
0x50
0x6c
0x47
0x46
0x21
0x58
0x48
0x46
0x72
0x43
0x49
0x47
0x43
0x2f
0x4a
0x48
0x14
0x1b
0x4b
0x48
0x65
0x07
0x4c
0x49
0x35
0x73
0x4d
0x4a
0x06
0x5e
0x4e
0x4a
0x57
0x4a
0x4f
0x4b
0x28
0x36
0x50
0x4b
0x79
0x22
0x51
0x4c
0x4a
0x0d
0x52
0x4d
0x1a
0x79
0x53
0x4d
0x6b
0x65
0x54
0x4e
0x3c
0x51
0x55
0x4f
0x0d
0x3d
0x56
0x4f
0x5e
0x28
0x57
0x50
0x2f
0x14
0x58
0x51
0x00
0x00
0x59
0x51
0x50
0x6c
0x5a
0x52
0x21
0x58
0x5b
0x52
0x72
0x43
0x5c
0x53
0x43
0x2f
0x5d
0x54
0x14
0x1b
0x5e
0x54
0x65
0x07
0x5f
0x55
0x35
0x73
0x60
0x56
0x06
0x5e
0x61
0x56
0x57
0x4a
0x62
0x57
0x28
0x36
0x63
0x57
0x79
0x22
0x64
0x58
0x4a
0x0d
0x65
0x59
0x1a
0x79
0x66
0x59
0x6b
0x65
0x67
0x5a
0x3c
0x51
0x68
0x5b
0x0d
0x3d
0x69
0x5b
0x5e
0x28
0x6a
0x5c
0x2f
0x14
0x6b
0x5d
0x00
0x00
0x6c
0x5d
0x50
0x6c
0x6d
0x5e
0x21
0x58
0x6e
0x5e
0x72
0x43
0x6f
0x5f
0x43
0x2f
0x70
0x60
0x14
0x1b
0x71
0x60
0x65
0x07
0x72
0x61
0x35
0x73
0x73
0x62
0x06
0x5e
0x74
0x62
0x57
0x4a
0x75
0x63
0x28
0x36
0x76
0x63
0x79
0x22
0x77
0x64
0x4a
0x0d
0x78
0x65
0x1a
0x79
0x79
0x65
0x6b
0x65
0x7a
0x66
0x3c
0x51
0x7b
0x67
0x0d
0x3d
0x7c
0x67
0x5e
0x28
0x7d
0x68
0x2f
0x14
0x7e
0x69
0x00
0x00
0x7f
0x69
0x50
0x6c
0xf7
