== SysEx start (channel 3) ==
== SysEx end ==
== SysEx start (channel 4) ==
== SysEx end ==
== SysEx start (channel 5) ==
== SysEx end ==
