== SysEx start (channel 3) ==
== SysEx end ==
== SysEx start (channel 4) ==
== SysEx end ==
== SysEx start (channel 5) ==
== SysEx end ==
== SysEx start (channel 6) ==
== SysEx end ==
== SysEx start (channel 7) ==
== SysEx end ==
== SysEx start (channel 8) ==
== SysEx end ==
== SysEx start (channel 9) ==
== SysEx end ==
== SysEx start (channel 10) ==
== SysEx end ==
== SysEx start (channel 11) ==
== SysEx end ==
