0xf0
0x7e
0x16
0x08
0x08
0x00
0x00
0x08
0x46
0x30
0x19
0x29
0x13
0x23
0x33
0x1d
0x2d
0x16
0x26
0x10
0xf7
0xf0
0x7e
0x16
0x08
0x08
0x00
0x00
0x10
0x6d
0x57
0x40
0x50
0x3a
0x4a
0x5a
0x43
0x53
0x3d
0x4d
0x36
0xf7
0xf0
0x7e
0x16
0x08
0x08
0x00
0x00
0x20
0x40
0x40
0x67
0x40
0x60
0x70
0x40
0x6a
0x40
0x63
0x40
0x5d
0xf7
