0xf0
0x7e
0x16
0x08
0x08
0x00
0x00
0x08
0x1d
0x10
0x22
0x16
0x26
0x1b
0x0e
0x1f
0x14
0x24
0x18
0x2a
0xf7
0xf0
0x7e
0x16
0x08
0x08
0x00
0x00
0x10
0x1f
0x12
0x24
0x17
0x28
0x1d
0x10
0x20
0x15
0x26
0x19
0x2b
0xf7
0xf0
0x7e
0x16
0x08
0x08
0x00
0x00
0x20
0x3b
0x2e
0x3e
0x33
0x44
0x37
0x2c
0x3d
0x30
0x42
0x35
0x46
0xf7
0xf0
0x7e
0x16
0x08
0x08
0x00
0x00
0x40
0x3c
0x2f
0x40
0x35
0x45
0x39
0x2d
0x3e
0x31
0x43
0x37
0x47
0xf7
0xf0
0x7e
0x16
0x08
0x08
0x00
0x01
0x00
0x58
0x4b
0x42
0x51
0x61
0x3a
0x49
0x5a
0x33
0x5e
0x53
0x63
0xf7
0xf0
0x7e
0x16
0x08
0x08
0x00
0x02
0x00
0x5a
0x4d
0x5c
0x52
0x63
0x55
0x4b
0x5c
0x4d
0x60
0x54
0x65
0xf7
0xf0
0x7e
0x16
0x08
0x08
0x00
0x04
0x00
0x5a
0x69
0x5e
0x6d
0x63
0x56
0x65
0x5c
0x4f
0x61
0x70
0x65
0xf7
0xf0
0x7e
0x16
0x08
0x08
0x00
0x08
0x00
0x5a
0x6a
0x5e
0x6e
0x63
0x56
0x67
0x5c
0x6b
0x61
0x72
0x65
0xf7
0xf0
0x7e
0x16
0x08
0x08
0x00
0x10
0x00
0x5a
0x6a
0x5e
0x70
0x63
0x56
0x68
0x5c
0x6c
0x61
0x72
0x65
0xf7
