JI scale 111/(111:102:94:86:79:73:67:61:56:52:48:44:40:37)
13
111/102
111/94
111/86
111/79
111/73
111/67
111/61
111/56
111/52
111/48
111/44
111/40
111/37
