==== Properties of 17-EDO ====

-- Patent val (13-limit) --
val: <17, 27, 39, 48, 59, 63|
errors (absolute): [+0.0c, +3.9c, -33.4c, +19.4c, +13.4c, +6.5c]
errors (relative): [+0.0%, +5.6%, -47.3%, +27.5%, +19.0%, +9.3%]
TE simple badness: 55.915â€°
subgroup: 2.3.7.11.13

- tempers out 3-limit 134217728/129140163 (Pythagorean double diminished third)
- tempers out 5-limit 25/24 (classic chromatic semitone, minor chroma)
- tempers out 5-limit 20480/19683 (grave minor second)
- tempers out 5-limit 32805/32768 (schisma)
- tempers out 7-limit 64/63 (septimal comma, Archytas' comma)
- tempers out 7-limit 245/243 (minor BP diesis, Sensamagic comma)
- tempers out 7-limit 375/343 (BP major semitone, minor BP chroma)
- tempers out 7-limit 405/392 (greenwoodma)
- tempers out 7-limit 525/512 (Avicenna enharmonic diesis)
- tempers out 7-limit 625/567 (BP great semitone, major BP chroma)
- tempers out 7-limit 1728/1715 (Orwell comma)
- tempers out 7-limit 17496/16807 (septimal major diesis)
- tempers out 7-limit 18225/16807 (minimal BP chroma)
- tempers out 7-limit 21875/19683 (maximal BP chroma)
- tempers out 7-limit 33075/32768 (mirwomo comma)
- tempers out 7-limit 420175/419904 (wizma)
- tempers out 11-limit 45/44 (1/5-tone)
- tempers out 11-limit 55/54 (telepathma)
- tempers out 11-limit 99/98 (small undecimal comma)
- tempers out 11-limit 243/242 (neutral third comma, rastma)
- tempers out 11-limit 245/242 (Nautilus comma)
- tempers out 11-limit 352/343 (supracomma)
- tempers out 11-limit 385/384 (undecimal kleisma, Keemun comma)
- tempers out 11-limit 896/891 (undecimal semicomma, pentacircle)
- tempers out 11-limit 1331/1323 (aphrowe)
- tempers out 11-limit 1344/1331 (hemimin)
- tempers out 11-limit 6655/6561 (Triple BP comma)
- tempers out 11-limit 8192/8019 (undecimal minor diesis)
- tempers out 11-limit 43923/43904 (hemigail)
- tempers out 13-limit 40/39 (tridecimal minor diesis)
- tempers out 13-limit 65/64 (13th-partial chroma)
- tempers out 13-limit 78/77 (tridecimal minor third comma)
- tempers out 13-limit 105/104 (small tridecimal comma)
- tempers out 13-limit 144/143 (Grossma)
- tempers out 13-limit 169/168 (Schulter's comma)
- tempers out 13-limit 352/351 (minthma)
- tempers out 13-limit 364/363 (gentle comma)
- tempers out 13-limit 512/507 (tridecimal neutral third comma)
- tempers out 13-limit 729/728 (squbema)
- tempers out 13-limit 1188/1183 (kestrel comma)
- tempers out 13-limit 1716/1715 (lummic comma)
- tempers out 13-limit 4096/4095 (tridecimal schisma, Sagittal schismina)
- tempers out 13-limit 6656/6655 (jacobin comma)
- tempers out 13-limit 10648/10647 (harmonisma)
- tempers out 13-limit 28672/28431 (Secorian)

Tempered vs. patent location of 7/6: 4 vs. 4
Tempered vs. patent location of 6/5: 5 vs. 4
Tempered vs. patent location of 5/4: 5 vs. 5
Tempered vs. patent location of 4/3: 7 vs. 7
Tempered vs. patent location of 3/2: 10 vs. 10
Tempered vs. patent location of 7/4: 14 vs. 14
Tempered vs. patent location of 2/1: 17 vs. 17

== Meantone notation ==

-- Step sizes --
Number of cycles: 1
1 primary step = 3 EDO steps
1 secondary step = 1 EDO steps
1 sharp = 2 EDO steps (diatonic)

-- Scale steps --
  0. D
  1. Eb
  2. D# / Fb
  3. E
  4. F
  5. E# / Gb
  6. F#
  7. G
  8. Ab
  9. G#
 10. A
 11. Bb
 12. A# / Cb
 13. B
 14. C
 15. B# / Db
 16. C#

-- Keyboard layout --
 13  16  2   5   8   11  14  0   3   6  
 14  0   3   6   9   12  15  1   4   7  
 15  1   4   7   10  13  16  2   5   8  
 16  2   5   8   11  14  0   3   6   9  
 0   3   6   9   12  15  1   4   7   10 
 1   4   7   10  13  16  2   5   8   11 
 2   5   8   11  14  0   3   6   9   12 
 3   6   9   12  15  1   4   7   10  13 
 4   7   10  13  16  2   5   8   11  14 
 5   8   11  14  0   3   6   9   12  15 
