0xf0
0x7f
0x7f
0x08
0x02
0x00
0x4b
0x1a
0x00
0x24
0x49
0x1b
0x02
0x00
0x00
0x1c
0x03
0x5b
0x37
0x1d
0x05
0x36
0x6e
0x1e
0x07
0x12
0x25
0x1f
0x08
0x6d
0x5b
0x20
0x0a
0x49
0x12
0x21
0x0c
0x24
0x49
0x22
0x0e
0x00
0x00
0x23
0x0f
0x5b
0x37
0x24
0x11
0x36
0x6e
0x25
0x13
0x12
0x25
0x26
0x14
0x6d
0x5b
0x27
0x16
0x49
0x12
0x28
0x18
0x24
0x49
0x29
0x1a
0x00
0x00
0x2a
0x1b
0x5b
0x37
0x2b
0x1d
0x36
0x6e
0x2c
0x1f
0x12
0x25
0x2d
0x20
0x6d
0x5b
0x2e
0x22
0x49
0x12
0x2f
0x24
0x24
0x49
0x30
0x26
0x00
0x00
0x31
0x27
0x5b
0x37
0x32
0x29
0x36
0x6e
0x33
0x2b
0x12
0x25
0x34
0x2c
0x6d
0x5b
0x35
0x2e
0x49
0x12
0x36
0x30
0x24
0x49
0x37
0x32
0x00
0x00
0x38
0x33
0x5b
0x37
0x39
0x35
0x36
0x6e
0x3a
0x37
0x12
0x25
0x3b
0x38
0x6d
0x5b
0x3c
0x3a
0x49
0x12
0x3d
0x3c
0x24
0x49
0x3e
0x3e
0x00
0x00
0x3f
0x3f
0x5b
0x37
0x40
0x41
0x36
0x6e
0x41
0x43
0x12
0x25
0x42
0x44
0x6d
0x5b
0x43
0x46
0x49
0x12
0x44
0x48
0x24
0x49
0x45
0x4a
0x00
0x00
0x46
0x4b
0x5b
0x37
0x47
0x4d
0x36
0x6e
0x48
0x4f
0x12
0x25
0x49
0x50
0x6d
0x5b
0x4a
0x52
0x49
0x12
0x4b
0x54
0x24
0x49
0x4c
0x56
0x00
0x00
0x4d
0x57
0x5b
0x37
0x4e
0x59
0x36
0x6e
0x4f
0x5b
0x12
0x25
0x50
0x5c
0x6d
0x5b
0x51
0x5e
0x49
0x12
0x52
0x60
0x24
0x49
0x53
0x62
0x00
0x00
0x54
0x63
0x5b
0x37
0x55
0x65
0x36
0x6e
0x56
0x67
0x12
0x25
0x57
0x68
0x6d
0x5b
0x58
0x6a
0x49
0x12
0x59
0x6c
0x24
0x49
0x5a
0x6e
0x00
0x00
0x5b
0x6f
0x5b
0x37
0x5c
0x71
0x36
0x6e
0x5d
0x73
0x12
0x25
0x5e
0x74
0x6d
0x5b
0x5f
0x76
0x49
0x12
0x60
0x78
0x24
0x49
0x61
0x7a
0x00
0x00
0x62
0x7b
0x5b
0x37
0x63
0x7d
0x36
0x6e
0x64
0x7f
0x12
0x25
0xf7
