  ----------Source Scale----------- ‖ ----Pitch----- ‖ --------Target Scale--------
>  62 | IDX    0 |  1/1    +0¢  +0o ‖     293.665 Hz ‖   62 |      D  4 |   +0.000¢
   63 | IDX    1 |  1/1   +63¢  +0o ‖     304.576 Hz ‖   63 |  D#/Eb  4 |  -36.842¢
   64 | IDX    2 | 12/11  -24¢  +0o ‖     315.892 Hz ‖   63 |  D#/Eb  4 |  +26.316¢
   65 | IDX    3 | 10/9    +7¢  +0o ‖     327.629 Hz ‖   64 |      E  4 |  -10.526¢
   66 | IDX    4 |  7/6   -14¢  +0o ‖     339.803 Hz ‖   65 |      F  4 |  -47.368¢
   67 | IDX    5 |  6/5    +0¢  +0o ‖     352.428 Hz ‖   65 |      F  4 |  +15.789¢
   68 | IDX    6 |  5/4    -7¢  +0o ‖     365.522 Hz ‖   66 |  F#/Gb  4 |  -21.053¢
