  ----------Source Scale----------- ‖ ----Pitch----- ‖ --------Target Scale--------
   61 | IDX   -1 | 20/11   -6¢  -1o ‖     265.979 Hz ‖   60 |      C  4 |  +28.571¢
>  62 | IDX    0 |  1/1    +0¢  +0o ‖     293.665 Hz ‖   62 |      D  4 |   +0.000¢
   63 | IDX    1 | 11/10   +6¢  +0o ‖     324.232 Hz ‖   64 |      E  4 |  -28.571¢
   64 | IDX    2 | 11/9    -5¢  +0o ‖     357.981 Hz ‖   65 |      F  4 |  +42.857¢
   65 | IDX    3 |  4/3   +16¢  +0o ‖     395.243 Hz ‖   67 |      G  4 |  +14.286¢
   66 | IDX    4 |  3/2   -16¢  +0o ‖     436.384 Hz ‖   69 |      A  4 |  -14.286¢
   67 | IDX    5 | 18/11   +5¢  +0o ‖     481.807 Hz ‖   71 |      B  4 |  -42.857¢
   68 | IDX    6 | 20/11   -6¢  +0o ‖     531.958 Hz ‖   72 |      C  5 |  +28.571¢
   69 | IDX    7 |  2/1    -0¢  +0o ‖     587.330 Hz ‖   74 |      D  5 |   -0.000¢
   70 | IDX    8 | 11/10   +6¢  +1o ‖     648.464 Hz ‖   76 |      E  5 |  -28.571¢
