Number of retuned notes: 75
Number of out-of-range notes: 52
