{
  "Scale": {
    "root_key_midi_number": 60,
    "root_pitch_in_hz": 240.90359193642698,
    "items": [
      {
        "key_midi_number": 21,
        "pitch_in_hz": 5.066127981141635
      },
      {
        "key_midi_number": 22,
        "pitch_in_hz": 5.593458778907958
      },
      {
        "key_midi_number": 23,
        "pitch_in_hz": 6.175679182959006
      },
      {
        "key_midi_number": 24,
        "pitch_in_hz": 6.818502625718693
      },
      {
        "key_midi_number": 25,
        "pitch_in_hz": 7.528237248013366
      },
      {
        "key_midi_number": 26,
        "pitch_in_hz": 8.311847801980154
      },
      {
        "key_midi_number": 27,
        "pitch_in_hz": 9.177023997419017
      },
      {
        "key_midi_number": 28,
        "pitch_in_hz": 10.132255962283264
      },
      {
        "key_midi_number": 29,
        "pitch_in_hz": 11.18691755781591
      },
      {
        "key_midi_number": 30,
        "pitch_in_hz": 12.351358365918005
      },
      {
        "key_midi_number": 31,
        "pitch_in_hz": 13.637005251437378
      },
      {
        "key_midi_number": 32,
        "pitch_in_hz": 15.056474496026723
      },
      {
        "key_midi_number": 33,
        "pitch_in_hz": 16.623695603960297
      },
      {
        "key_midi_number": 34,
        "pitch_in_hz": 18.354047994838016
      },
      {
        "key_midi_number": 35,
        "pitch_in_hz": 20.264511924566513
      },
      {
        "key_midi_number": 36,
        "pitch_in_hz": 22.373835115631813
      },
      {
        "key_midi_number": 37,
        "pitch_in_hz": 24.70271673183599
      },
      {
        "key_midi_number": 38,
        "pitch_in_hz": 27.274010502874745
      },
      {
        "key_midi_number": 39,
        "pitch_in_hz": 30.112948992053425
      },
      {
        "key_midi_number": 40,
        "pitch_in_hz": 33.24739120792058
      },
      {
        "key_midi_number": 41,
        "pitch_in_hz": 36.70809598967601
      },
      {
        "key_midi_number": 42,
        "pitch_in_hz": 40.529023849133004
      },
      {
        "key_midi_number": 43,
        "pitch_in_hz": 44.7476702312636
      },
      {
        "key_midi_number": 44,
        "pitch_in_hz": 49.405433463671955
      },
      {
        "key_midi_number": 45,
        "pitch_in_hz": 54.54802100574946
      },
      {
        "key_midi_number": 46,
        "pitch_in_hz": 60.22589798410682
      },
      {
        "key_midi_number": 47,
        "pitch_in_hz": 66.49478241584113
      },
      {
        "key_midi_number": 48,
        "pitch_in_hz": 73.41619197935199
      },
      {
        "key_midi_number": 49,
        "pitch_in_hz": 81.05804769826598
      },
      {
        "key_midi_number": 50,
        "pitch_in_hz": 89.49534046252714
      },
      {
        "key_midi_number": 51,
        "pitch_in_hz": 98.81086692734385
      },
      {
        "key_midi_number": 52,
        "pitch_in_hz": 109.09604201149885
      },
      {
        "key_midi_number": 53,
        "pitch_in_hz": 120.45179596821357
      },
      {
        "key_midi_number": 54,
        "pitch_in_hz": 132.98956483168217
      },
      {
        "key_midi_number": 55,
        "pitch_in_hz": 146.83238395870387
      },
      {
        "key_midi_number": 56,
        "pitch_in_hz": 162.11609539653185
      },
      {
        "key_midi_number": 57,
        "pitch_in_hz": 178.9906809250542
      },
      {
        "key_midi_number": 58,
        "pitch_in_hz": 197.6217338546876
      },
      {
        "key_midi_number": 59,
        "pitch_in_hz": 218.19208402299756
      },
      {
        "key_midi_number": 60,
        "pitch_in_hz": 240.90359193642698
      },
      {
        "key_midi_number": 61,
        "pitch_in_hz": 265.9791296633642
      },
      {
        "key_midi_number": 62,
        "pitch_in_hz": 293.6647679174076
      },
      {
        "key_midi_number": 63,
        "pitch_in_hz": 324.23219079306347
      },
      {
        "key_midi_number": 64,
        "pitch_in_hz": 357.9813618501082
      },
      {
        "key_midi_number": 65,
        "pitch_in_hz": 395.24346770937495
      },
      {
        "key_midi_number": 66,
        "pitch_in_hz": 436.38416804599495
      },
      {
        "key_midi_number": 67,
        "pitch_in_hz": 481.8071838728536
      },
      {
        "key_midi_number": 68,
        "pitch_in_hz": 531.958259326728
      },
      {
        "key_midi_number": 69,
        "pitch_in_hz": 587.3295358348148
      },
      {
        "key_midi_number": 70,
        "pitch_in_hz": 648.4643815861266
      },
      {
        "key_midi_number": 71,
        "pitch_in_hz": 715.962723700216
      },
      {
        "key_midi_number": 72,
        "pitch_in_hz": 790.4869354187495
      },
      {
        "key_midi_number": 73,
        "pitch_in_hz": 872.7683360919893
      },
      {
        "key_midi_number": 74,
        "pitch_in_hz": 963.6143677457068
      },
      {
        "key_midi_number": 75,
        "pitch_in_hz": 1063.9165186534553
      },
      {
        "key_midi_number": 76,
        "pitch_in_hz": 1174.6590716696292
      },
      {
        "key_midi_number": 77,
        "pitch_in_hz": 1296.9287631722527
      },
      {
        "key_midi_number": 78,
        "pitch_in_hz": 1431.9254474004313
      },
      {
        "key_midi_number": 79,
        "pitch_in_hz": 1580.9738708374982
      },
      {
        "key_midi_number": 80,
        "pitch_in_hz": 1745.5366721839778
      },
      {
        "key_midi_number": 81,
        "pitch_in_hz": 1927.2287354914122
      },
      {
        "key_midi_number": 82,
        "pitch_in_hz": 2127.83303730691
      },
      {
        "key_midi_number": 83,
        "pitch_in_hz": 2349.318143339257
      },
      {
        "key_midi_number": 84,
        "pitch_in_hz": 2593.8575263445036
      },
      {
        "key_midi_number": 85,
        "pitch_in_hz": 2863.8508948008603
      },
      {
        "key_midi_number": 86,
        "pitch_in_hz": 3161.947741674994
      },
      {
        "key_midi_number": 87,
        "pitch_in_hz": 3491.0733443679533
      },
      {
        "key_midi_number": 88,
        "pitch_in_hz": 3854.457470982822
      },
      {
        "key_midi_number": 89,
        "pitch_in_hz": 4255.666074613818
      },
      {
        "key_midi_number": 90,
        "pitch_in_hz": 4698.63628667851
      },
      {
        "key_midi_number": 91,
        "pitch_in_hz": 5187.7150526890055
      },
      {
        "key_midi_number": 92,
        "pitch_in_hz": 5727.701789601718
      },
      {
        "key_midi_number": 93,
        "pitch_in_hz": 6323.895483349983
      },
      {
        "key_midi_number": 94,
        "pitch_in_hz": 6982.146688735903
      },
      {
        "key_midi_number": 95,
        "pitch_in_hz": 7708.91494196564
      },
      {
        "key_midi_number": 96,
        "pitch_in_hz": 8511.33214922763
      },
      {
        "key_midi_number": 97,
        "pitch_in_hz": 9397.272573357015
      },
      {
        "key_midi_number": 98,
        "pitch_in_hz": 10375.430105378004
      },
      {
        "key_midi_number": 99,
        "pitch_in_hz": 11455.403579203428
      },
      {
        "key_midi_number": 100,
        "pitch_in_hz": 12647.790966699966
      },
      {
        "key_midi_number": 101,
        "pitch_in_hz": 13964.293377471797
      },
      {
        "key_midi_number": 102,
        "pitch_in_hz": 15417.82988393127
      },
      {
        "key_midi_number": 103,
        "pitch_in_hz": 17022.66429845525
      },
      {
        "key_midi_number": 104,
        "pitch_in_hz": 18794.545146714016
      },
      {
        "key_midi_number": 105,
        "pitch_in_hz": 20750.860210755996
      },
      {
        "key_midi_number": 106,
        "pitch_in_hz": 22910.807158406842
      },
      {
        "key_midi_number": 107,
        "pitch_in_hz": 25295.581933399917
      },
      {
        "key_midi_number": 108,
        "pitch_in_hz": 27928.586754943575
      }
    ]
  }
}
