  ----------Source Scale----------- ‖ ----Pitch----- ‖ --------Target Scale--------
    0 | IDX  -62 |  9/8   -11¢  -9o ‖       0.641 Hz ‖ -209 | IDX  -269 |   +6.060¢
    1 | IDX  -61 |  6/5    -5¢  -9o ‖       0.686 Hz ‖ -206 | IDX  -266 |   +7.039¢
    2 | IDX  -60 |  4/3    +5¢  -9o ‖       0.767 Hz ‖ -201 | IDX  -261 |   +6.647¢
    3 | IDX  -59 |  3/2    -5¢  -9o ‖       0.858 Hz ‖ -196 | IDX  -256 |   +6.256¢
    4 | IDX  -58 |  5/3    +5¢  -9o ‖       0.959 Hz ‖ -191 | IDX  -251 |   +5.864¢
    5 | IDX  -57 |  9/5   -11¢  -9o ‖       1.026 Hz ‖ -188 | IDX  -248 |   +6.843¢
    6 | IDX  -56 |  1/1    -0¢  -8o ‖       1.147 Hz ‖ -183 | IDX  -243 |   +6.452¢
    7 | IDX  -55 |  9/8   -11¢  -8o ‖       1.283 Hz ‖ -178 | IDX  -238 |   +6.060¢
    8 | IDX  -54 |  6/5    -5¢  -8o ‖       1.372 Hz ‖ -175 | IDX  -235 |   +7.039¢
    9 | IDX  -53 |  4/3    +5¢  -8o ‖       1.534 Hz ‖ -170 | IDX  -230 |   +6.647¢
   10 | IDX  -52 |  3/2    -5¢  -8o ‖       1.715 Hz ‖ -165 | IDX  -225 |   +6.256¢
   11 | IDX  -51 |  5/3    +5¢  -8o ‖       1.918 Hz ‖ -160 | IDX  -220 |   +5.864¢
   12 | IDX  -50 |  9/5   -11¢  -8o ‖       2.052 Hz ‖ -157 | IDX  -217 |   +6.843¢
   13 | IDX  -49 |  1/1    +0¢  -7o ‖       2.294 Hz ‖ -152 | IDX  -212 |   +6.452¢
   14 | IDX  -48 |  9/8   -11¢  -7o ‖       2.565 Hz ‖ -147 | IDX  -207 |   +6.060¢
   15 | IDX  -47 |  6/5    -5¢  -7o ‖       2.745 Hz ‖ -144 | IDX  -204 |   +7.039¢
   16 | IDX  -46 |  4/3    +5¢  -7o ‖       3.069 Hz ‖ -139 | IDX  -199 |   +6.647¢
   17 | IDX  -45 |  3/2    -5¢  -7o ‖       3.431 Hz ‖ -134 | IDX  -194 |   +6.256¢
   18 | IDX  -44 |  5/3    +5¢  -7o ‖       3.836 Hz ‖ -129 | IDX  -189 |   +5.864¢
   19 | IDX  -43 |  9/5   -11¢  -7o ‖       4.104 Hz ‖ -126 | IDX  -186 |   +6.843¢
   20 | IDX  -42 |  1/1    +0¢  -6o ‖       4.589 Hz ‖ -121 | IDX  -181 |   +6.452¢
   21 | IDX  -41 |  9/8   -11¢  -6o ‖       5.130 Hz ‖ -116 | IDX  -176 |   +6.060¢
   22 | IDX  -40 |  6/5    -5¢  -6o ‖       5.489 Hz ‖ -113 | IDX  -173 |   +7.039¢
   23 | IDX  -39 |  4/3    +5¢  -6o ‖       6.137 Hz ‖ -108 | IDX  -168 |   +6.647¢
   24 | IDX  -38 |  3/2    -5¢  -6o ‖       6.861 Hz ‖ -103 | IDX  -163 |   +6.256¢
   25 | IDX  -37 |  5/3    +5¢  -6o ‖       7.671 Hz ‖  -98 | IDX  -158 |   +5.864¢
   26 | IDX  -36 |  9/5   -11¢  -6o ‖       8.208 Hz ‖  -95 | IDX  -155 |   +6.843¢
   27 | IDX  -35 |  1/1    +0¢  -5o ‖       9.177 Hz ‖  -90 | IDX  -150 |   +6.452¢
   28 | IDX  -34 |  9/8   -11¢  -5o ‖      10.260 Hz ‖  -85 | IDX  -145 |   +6.060¢
   29 | IDX  -33 |  6/5    -5¢  -5o ‖      10.978 Hz ‖  -82 | IDX  -142 |   +7.039¢
   30 | IDX  -32 |  4/3    +5¢  -5o ‖      12.274 Hz ‖  -77 | IDX  -137 |   +6.647¢
   31 | IDX  -31 |  3/2    -5¢  -5o ‖      13.723 Hz ‖  -72 | IDX  -132 |   +6.256¢
   32 | IDX  -30 |  5/3    +5¢  -5o ‖      15.343 Hz ‖  -67 | IDX  -127 |   +5.864¢
   33 | IDX  -29 |  9/5   -11¢  -5o ‖      16.416 Hz ‖  -64 | IDX  -124 |   +6.843¢
   34 | IDX  -28 |  1/1    +0¢  -4o ‖      18.354 Hz ‖  -59 | IDX  -119 |   +6.452¢
   35 | IDX  -27 |  9/8   -11¢  -4o ‖      20.520 Hz ‖  -54 | IDX  -114 |   +6.060¢
   36 | IDX  -26 |  6/5    -5¢  -4o ‖      21.957 Hz ‖  -51 | IDX  -111 |   +7.039¢
   37 | IDX  -25 |  4/3    +5¢  -4o ‖      24.548 Hz ‖  -46 | IDX  -106 |   +6.647¢
   38 | IDX  -24 |  3/2    -5¢  -4o ‖      27.446 Hz ‖  -41 | IDX  -101 |   +6.256¢
   39 | IDX  -23 |  5/3    +5¢  -4o ‖      30.685 Hz ‖  -36 | IDX   -96 |   +5.864¢
   40 | IDX  -22 |  9/5   -11¢  -4o ‖      32.833 Hz ‖  -33 | IDX   -93 |   +6.843¢
   41 | IDX  -21 |  1/1    +0¢  -3o ‖      36.708 Hz ‖  -28 | IDX   -88 |   +6.452¢
   42 | IDX  -20 |  9/8   -11¢  -3o ‖      41.041 Hz ‖  -23 | IDX   -83 |   +6.060¢
   43 | IDX  -19 |  6/5    -5¢  -3o ‖      43.913 Hz ‖  -20 | IDX   -80 |   +7.039¢
   44 | IDX  -18 |  4/3    +5¢  -3o ‖      49.096 Hz ‖  -15 | IDX   -75 |   +6.647¢
   45 | IDX  -17 |  3/2    -5¢  -3o ‖      54.891 Hz ‖  -10 | IDX   -70 |   +6.256¢
   46 | IDX  -16 |  5/3    +5¢  -3o ‖      61.370 Hz ‖   -5 | IDX   -65 |   +5.864¢
   47 | IDX  -15 |  9/5   -11¢  -3o ‖      65.665 Hz ‖   -2 | IDX   -62 |   +6.843¢
   48 | IDX  -14 |  1/1    +0¢  -2o ‖      73.416 Hz ‖    3 | IDX   -57 |   +6.452¢
   49 | IDX  -13 |  9/8   -11¢  -2o ‖      82.082 Hz ‖    8 | IDX   -52 |   +6.060¢
   50 | IDX  -12 |  6/5    -5¢  -2o ‖      87.826 Hz ‖   11 | IDX   -49 |   +7.039¢
   51 | IDX  -11 |  4/3    +5¢  -2o ‖      98.193 Hz ‖   16 | IDX   -44 |   +6.647¢
   52 | IDX  -10 |  3/2    -5¢  -2o ‖     109.783 Hz ‖   21 | IDX   -39 |   +6.256¢
   53 | IDX   -9 |  5/3    +5¢  -2o ‖     122.741 Hz ‖   26 | IDX   -34 |   +5.864¢
   54 | IDX   -8 |  9/5   -11¢  -2o ‖     131.331 Hz ‖   29 | IDX   -31 |   +6.843¢
   55 | IDX   -7 |  1/1    +0¢  -1o ‖     146.832 Hz ‖   34 | IDX   -26 |   +6.452¢
   56 | IDX   -6 |  9/8   -11¢  -1o ‖     164.164 Hz ‖   39 | IDX   -21 |   +6.060¢
   57 | IDX   -5 |  6/5    -5¢  -1o ‖     175.653 Hz ‖   42 | IDX   -18 |   +7.039¢
   58 | IDX   -4 |  4/3    +5¢  -1o ‖     196.385 Hz ‖   47 | IDX   -13 |   +6.647¢
   59 | IDX   -3 |  3/2    -5¢  -1o ‖     219.566 Hz ‖   52 | IDX    -8 |   +6.256¢
   60 | IDX   -2 |  5/3    +5¢  -1o ‖     245.482 Hz ‖   57 | IDX    -3 |   +5.864¢
   61 | IDX   -1 |  9/5   -11¢  -1o ‖     262.662 Hz ‖   60 | IDX     0 |   +6.843¢
>  62 | IDX    0 |  1/1    +0¢  +0o ‖     293.665 Hz ‖   65 | IDX     5 |   +6.452¢
   63 | IDX    1 |  9/8   -11¢  +0o ‖     328.327 Hz ‖   70 | IDX    10 |   +6.060¢
   64 | IDX    2 |  6/5    -5¢  +0o ‖     351.305 Hz ‖   73 | IDX    13 |   +7.039¢
   65 | IDX    3 |  4/3    +5¢  +0o ‖     392.771 Hz ‖   78 | IDX    18 |   +6.647¢
   66 | IDX    4 |  3/2    -5¢  +0o ‖     439.131 Hz ‖   83 | IDX    23 |   +6.256¢
   67 | IDX    5 |  5/3    +5¢  +0o ‖     490.964 Hz ‖   88 | IDX    28 |   +5.864¢
   68 | IDX    6 |  9/5   -11¢  +0o ‖     525.324 Hz ‖   91 | IDX    31 |   +6.843¢
   69 | IDX    7 |  1/1    +0¢  +1o ‖     587.330 Hz ‖   96 | IDX    36 |   +6.452¢
   70 | IDX    8 |  9/8   -11¢  +1o ‖     656.654 Hz ‖  101 | IDX    41 |   +6.060¢
   71 | IDX    9 |  6/5    -5¢  +1o ‖     702.610 Hz ‖  104 | IDX    44 |   +7.039¢
   72 | IDX   10 |  4/3    +5¢  +1o ‖     785.542 Hz ‖  109 | IDX    49 |   +6.647¢
   73 | IDX   11 |  3/2    -5¢  +1o ‖     878.263 Hz ‖  114 | IDX    54 |   +6.256¢
   74 | IDX   12 |  5/3    +5¢  +1o ‖     981.927 Hz ‖  119 | IDX    59 |   +5.864¢
   75 | IDX   13 |  9/5   -11¢  +1o ‖    1050.647 Hz ‖  122 | IDX    62 |   +6.843¢
   76 | IDX   14 |  1/1    +0¢  +2o ‖    1174.659 Hz ‖  127 | IDX    67 |   +6.452¢
   77 | IDX   15 |  9/8   -11¢  +2o ‖    1313.309 Hz ‖  132 | IDX    72 |   +6.060¢
   78 | IDX   16 |  6/5    -5¢  +2o ‖    1405.220 Hz ‖  135 | IDX    75 |   +7.039¢
   79 | IDX   17 |  4/3    +5¢  +2o ‖    1571.084 Hz ‖  140 | IDX    80 |   +6.647¢
   80 | IDX   18 |  3/2    -5¢  +2o ‖    1756.525 Hz ‖  145 | IDX    85 |   +6.256¢
   81 | IDX   19 |  5/3    +5¢  +2o ‖    1963.855 Hz ‖  150 | IDX    90 |   +5.864¢
   82 | IDX   20 |  9/5   -11¢  +2o ‖    2101.294 Hz ‖  153 | IDX    93 |   +6.843¢
   83 | IDX   21 |  1/1    +0¢  +3o ‖    2349.318 Hz ‖  158 | IDX    98 |   +6.452¢
   84 | IDX   22 |  9/8   -11¢  +3o ‖    2626.618 Hz ‖  163 | IDX   103 |   +6.060¢
   85 | IDX   23 |  6/5    -5¢  +3o ‖    2810.440 Hz ‖  166 | IDX   106 |   +7.039¢
   86 | IDX   24 |  4/3    +5¢  +3o ‖    3142.167 Hz ‖  171 | IDX   111 |   +6.647¢
   87 | IDX   25 |  3/2    -5¢  +3o ‖    3513.050 Hz ‖  176 | IDX   116 |   +6.256¢
   88 | IDX   26 |  5/3    +5¢  +3o ‖    3927.709 Hz ‖  181 | IDX   121 |   +5.864¢
   89 | IDX   27 |  9/5   -11¢  +3o ‖    4202.588 Hz ‖  184 | IDX   124 |   +6.843¢
   90 | IDX   28 |  1/1    +0¢  +4o ‖    4698.636 Hz ‖  189 | IDX   129 |   +6.452¢
   91 | IDX   29 |  9/8   -11¢  +4o ‖    5253.235 Hz ‖  194 | IDX   134 |   +6.060¢
   92 | IDX   30 |  6/5    -5¢  +4o ‖    5620.880 Hz ‖  197 | IDX   137 |   +7.039¢
   93 | IDX   31 |  4/3    +5¢  +4o ‖    6284.335 Hz ‖  202 | IDX   142 |   +6.647¢
   94 | IDX   32 |  3/2    -5¢  +4o ‖    7026.100 Hz ‖  207 | IDX   147 |   +6.256¢
   95 | IDX   33 |  5/3    +5¢  +4o ‖    7855.419 Hz ‖  212 | IDX   152 |   +5.864¢
   96 | IDX   34 |  9/5   -11¢  +4o ‖    8405.176 Hz ‖  215 | IDX   155 |   +6.843¢
   97 | IDX   35 |  1/1    +0¢  +5o ‖    9397.273 Hz ‖  220 | IDX   160 |   +6.452¢
   98 | IDX   36 |  9/8   -11¢  +5o ‖   10506.470 Hz ‖  225 | IDX   165 |   +6.060¢
   99 | IDX   37 |  6/5    -5¢  +5o ‖   11241.760 Hz ‖  228 | IDX   168 |   +7.039¢
  100 | IDX   38 |  4/3    +5¢  +5o ‖   12568.670 Hz ‖  233 | IDX   173 |   +6.647¢
  101 | IDX   39 |  3/2    -5¢  +5o ‖   14052.200 Hz ‖  238 | IDX   178 |   +6.256¢
  102 | IDX   40 |  5/3    +5¢  +5o ‖   15710.837 Hz ‖  243 | IDX   183 |   +5.864¢
  103 | IDX   41 |  9/5   -11¢  +5o ‖   16810.352 Hz ‖  246 | IDX   186 |   +6.843¢
  104 | IDX   42 |  1/1    +0¢  +6o ‖   18794.545 Hz ‖  251 | IDX   191 |   +6.452¢
  105 | IDX   43 |  9/8   -11¢  +6o ‖   21012.940 Hz ‖  256 | IDX   196 |   +6.060¢
  106 | IDX   44 |  6/5    -5¢  +6o ‖   22483.520 Hz ‖  259 | IDX   199 |   +7.039¢
  107 | IDX   45 |  4/3    +5¢  +6o ‖   25137.340 Hz ‖  264 | IDX   204 |   +6.647¢
  108 | IDX   46 |  3/2    -5¢  +6o ‖   28104.400 Hz ‖  269 | IDX   209 |   +6.256¢
  109 | IDX   47 |  5/3    +5¢  +6o ‖   31421.675 Hz ‖  274 | IDX   214 |   +5.864¢
  110 | IDX   48 |  9/5   -11¢  +6o ‖   33620.704 Hz ‖  277 | IDX   217 |   +6.843¢
  111 | IDX   49 |  1/1    +0¢  +7o ‖   37589.090 Hz ‖  282 | IDX   222 |   +6.452¢
  112 | IDX   50 |  9/8   -11¢  +7o ‖   42025.881 Hz ‖  287 | IDX   227 |   +6.060¢
  113 | IDX   51 |  6/5    -5¢  +7o ‖   44967.040 Hz ‖  290 | IDX   230 |   +7.039¢
  114 | IDX   52 |  4/3    +5¢  +7o ‖   50274.679 Hz ‖  295 | IDX   235 |   +6.647¢
  115 | IDX   53 |  3/2    -5¢  +7o ‖   56208.800 Hz ‖  300 | IDX   240 |   +6.256¢
  116 | IDX   54 |  5/3    +5¢  +7o ‖   62843.349 Hz ‖  305 | IDX   245 |   +5.864¢
  117 | IDX   55 |  9/5   -11¢  +7o ‖   67241.409 Hz ‖  308 | IDX   248 |   +6.843¢
  118 | IDX   56 |  1/1    +0¢  +8o ‖   75178.181 Hz ‖  313 | IDX   253 |   +6.452¢
  119 | IDX   57 |  9/8   -11¢  +8o ‖   84051.761 Hz ‖  318 | IDX   258 |   +6.060¢
  120 | IDX   58 |  6/5    -5¢  +8o ‖   89934.081 Hz ‖  321 | IDX   261 |   +7.039¢
  121 | IDX   59 |  4/3    +5¢  +8o ‖  100549.359 Hz ‖  326 | IDX   266 |   +6.647¢
  122 | IDX   60 |  3/2    -5¢  +8o ‖  112417.601 Hz ‖  331 | IDX   271 |   +6.256¢
  123 | IDX   61 |  5/3    +5¢  +8o ‖  125686.699 Hz ‖  336 | IDX   276 |   +5.864¢
  124 | IDX   62 |  9/5   -11¢  +8o ‖  134482.818 Hz ‖  339 | IDX   279 |   +6.843¢
  125 | IDX   63 |  1/1    +0¢  +9o ‖  150356.361 Hz ‖  344 | IDX   284 |   +6.452¢
  126 | IDX   64 |  9/8   -11¢  +9o ‖  168103.522 Hz ‖  349 | IDX   289 |   +6.060¢
  127 | IDX   65 |  6/5    -5¢  +9o ‖  179868.161 Hz ‖  352 | IDX   292 |   +7.039¢
