Just intonation
7
9/8
386.314
4/3
701.955
5/3
15/8
2/1
