== RPN part 0 ==
== RPN part 1 ==
== RPN part 2 ==
== Tuning bank change end ==
